******************************************************************************
                  TI ARM Linker PC v20.2.6                     
******************************************************************************
>> Linked Fri Nov 11 16:12:04 2022

OUTPUT FILE NAME:   <HVAC_UN_HILO_ORG.out>
ENTRY POINT SYMBOL: "_c_int00"  address: 00004359


MEMORY CONFIGURATION

         name            origin    length      used     unused   attr    fill
----------------------  --------  ---------  --------  --------  ----  --------
  MAIN                  00000000   00040000  00006822  000397de  R  X
  INFO                  00200000   00004000  00000000  00004000  R  X
  SRAM_CODE             01000000   00010000  00004f5a  0000b0a6  RW X
  SRAM_DATA             20000000   00010000  00004f5a  0000b0a6  RW  


SEGMENT ALLOCATION MAP

run origin  load origin   length   init length attrs members
----------  ----------- ---------- ----------- ----- -------
00000000    00000000    00006828   00006828    r-x
  00000000    00000000    0000003c   0000003c    r-- .resetVecs
  00000040    00000040    0000610a   0000610a    r-x .text
  0000614c    0000614c    000004fc   000004fc    r-- .const
  00006648    00006648    000001e0   000001e0    r-- .cinit
20000140    20000140    00000933   00000000    rw-
  20000140    20000140    000004a3   00000000    rw- .bss
  200005e4    200005e4    0000048f   00000000    rw- .data
20001000    20001000    000000e8   00000000    rw-
  20001000    20001000    000000e8   00000000    rw- .vtable
200010e8    200010e8    00004000   00000000    r--
  200010e8    200010e8    00004000   00000000    r-- .priheap
2000fc00    2000fc00    00000400   00000000    rw-
  2000fc00    2000fc00    00000400   00000000    rw- .stack


SECTION ALLOCATION MAP

 output                                  attributes/
section   page    origin      length       input sections
--------  ----  ----------  ----------   ----------------
.text      0    00000040    0000610a     
                  00000040    00000a4e     rtsv7M4_T_le_v4SPD16_eabi.lib : _printfi.c.obj (.text:__TI_printfi)
                  00000a8e    00000002     system_msp432p401r.obj (.text:Power_idleFunc)
                  00000a90    00000330     HVAC_IO.obj (.text:HVAC_PrintState)
                  00000dc0    0000028a     msp432p4xx_driverlib.lib : pcm.o (.text:__PCM_setPowerStateAdvanced)
                  0000104a    00000002     rtsv7M4_T_le_v4SPD16_eabi.lib : _lock.c.obj (.text:_nop)
                  0000104c    00000270                                   : _printfi.c.obj (.text:_pconv_a)
                  000012bc    000001d0                                   : _printfi.c.obj (.text:_pconv_g)
                  0000148c    000001b6                                   : fd_add_t2.asm.obj (.text)
                  00001642    00000002                                   : div0.asm.obj (.text)
                  00001644    0000015c     msp432p4xx_driverlib.lib : pcm.o (.text:__PCM_setPowerModeAdvanced)
                  000017a0    0000013c     rtsv7M4_T_le_v4SPD16_eabi.lib : _printfi.c.obj (.text:_pconv_e)
                  000018dc    00000136                                   : fd_div_t2.asm.obj (.text)
                  00001a12    00000004     msp432p4xx_driverlib.lib : cpu.o (.text:CPU_wfi)
                  00001a16    00000002     release_pem4f.oem4f (.text:ti_sysbios_BIOS_nullFunc__I)
                  00001a18    00000130     sysbios.aem4f : BIOS.obj (.text:ti_sysbios_knl_Semaphore_pend__E)
                  00001b48    00000124     rtsv7M4_T_le_v4SPD16_eabi.lib : _printfi.c.obj (.text:fcvt)
                  00001c6c    00000120     HVAC_IO.obj (.text:Sys_ON)
                  00001d8c    00000110     rtsv7M4_T_le_v4SPD16_eabi.lib : s_scalbn.c.obj (.text:scalbn)
                  00001e9c    00000108     msp432p4xx_driverlib.lib : pcm.o (.text:__PCM_setCoreVoltageLevelAdvanced)
                  00001fa4    00000004     release_pem4f.oem4f (.text:ti_sysbios_family_arm_m3_TaskSupport_Module__startupDone__S)
                  00001fa8    00000108     sysbios.aem4f : BIOS.obj (.text:ti_sysbios_knl_Task_postInit__I)
                  000020b0    00000108                   : BIOS.obj (.text:xdc_runtime_Startup_startMods__I)
                  000021b8    00000104                   : BIOS.obj (.text:ti_sysbios_knl_Task_Instance_finalize__E)
                  000022bc    000000fc     GPIO_MSP432.obj (.text:GPIO_setBitIO)
                  000023b8    000000fc     rtsv7M4_T_le_v4SPD16_eabi.lib : fd_mul_t2.asm.obj (.text)
                  000024b4    00000004     --HOLE-- [fill = 0]
                  000024b8    000000f8     sysbios.aem4f : BIOS.obj (.text:ti_sysbios_family_arm_msp432_init_Boot_configureClocksHigh)
                  000025b0    000000f0                   : BIOS.obj (.text:pthread_create)
                  000026a0    000000f0                   : m3_Hwi_asm.obj (.text:ti_sysbios_family_arm_m3_Hwi_dispatch__I)
                  00002790    000000e4     HVAC_IO.obj (.text:INT_SWI)
                  00002874    00000004     --HOLE-- [fill = 0]
                  00002878    000000e0     sysbios.aem4f : BIOS.obj (.text:ti_sysbios_knl_Task_Instance_init__E)
                  00002958    000000d0                   : BIOS.obj (.text:ti_sysbios_heaps_HeapMem_alloc__E)
                  00002a28    000000cc     HVAC_IO.obj (.text:HVAC_InicialiceIO)
                  00002af4    000000c8     system_msp432p401r.obj (.text:SystemInit)
                  00002bbc    000000b1     rtsv7M4_T_le_v4SPD16_eabi.lib : _printfi.c.obj (.text:_ltostr)
                  00002c6d    00000003     --HOLE-- [fill = 0]
                  00002c70    000000aa     sysbios.aem4f : BIOS.obj (.text:xdc_runtime_Core_createObject__I)
                  00002d1a    00000006     --HOLE-- [fill = 0]
                  00002d20    000000a8                   : BIOS.obj (.text:ti_sysbios_family_arm_msp432_Timer_periodicStub__E)
                  00002dc8    000000a4     GPIO_MSP432.obj (.text:GPIO_init_board)
                  00002e6c    00000004     --HOLE-- [fill = 0]
                  00002e70    000000a4     sysbios.aem4f : BIOS.obj (.text:ti_sysbios_knl_Task_setPri__E)
                  00002f14    000000a0     auto_init.aem4f : auto_init.oem4f (.text)
                  00002fb4    0000009c     rtsv7M4_T_le_v4SPD16_eabi.lib : memcpy_t2.asm.obj (.text)
                  00003050    00000098     HVAC_IO.obj (.text:Button_SYS)
                  000030e8    00000098     HVAC_IO.obj (.text:HVAC_ActualizarEntradas)
                  00003180    00000096     rtsv7M4_T_le_v4SPD16_eabi.lib : ull_div_t2.asm.obj (.text)
                  00003216    00000002     --HOLE-- [fill = 0]
                  00003218    00000094     sysbios.aem4f : BIOS.obj (.text:_pthread_removeThreadKeys)
                  000032ac    00000004     --HOLE-- [fill = 0]
                  000032b0    00000094                   : BIOS.obj (.text:ti_sysbios_family_arm_m3_Hwi_initNVIC__E)
                  00003344    00000004     --HOLE-- [fill = 0]
                  00003348    00000094                   : BIOS.obj (.text:ti_sysbios_knl_Task_exit__E)
                  000033dc    00000090     GPIO_MSP432.obj (.text:GPIO_setOutput)
                  0000346c    00000004     --HOLE-- [fill = 0]
                  00003470    00000090     sysbios.aem4f : BIOS.obj (.text:ti_sysbios_knl_Task_Module_startup__E)
                  00003500    0000008c                   : m3_TaskSupport_asm.obj (.text:ti_sysbios_family_arm_m3_TaskSupport_buildTaskStack)
                  0000358c    00000004     --HOLE-- [fill = 0]
                  00003590    0000008c                   : BIOS.obj (.text:xdc_runtime_Memory_alloc__E)
                  0000361c    00000086     rtsv7M4_T_le_v4SPD16_eabi.lib : fd_cmp_t2.asm.obj (.text:__aeabi_cdcmple)
                  000036a2    00000086                                   : fd_cmp_t2.asm.obj (.text:__aeabi_cdrcmple)
                  00003728    00000086     sysbios.aem4f : BIOS.obj (.text:xdc_runtime_Core_constructObject__I)
                  000037ae    00000002     --HOLE-- [fill = 0]
                  000037b0    00000084     msp432p4xx_driverlib.lib : pcm.o (.text:PCM_gotoLPM3)
                  00003834    00000004     --HOLE-- [fill = 0]
                  00003838    00000084     sysbios.aem4f : BIOS.obj (.text:ti_sysbios_family_arm_m3_Hwi_postInit__I)
                  000038bc    00000004     --HOLE-- [fill = 0]
                  000038c0    00000084                   : BIOS.obj (.text:ti_sysbios_heaps_HeapMem_free__E)
                  00003944    00000080     INT_MSP432.obj (.text:Int_enableInterrupt)
                  000039c4    00000004     --HOLE-- [fill = 0]
                  000039c8    00000080     sysbios.aem4f : BIOS.obj (.text:ti_sysbios_knl_Clock_workFunc__E)
                  00003a48    0000007a     rtsv7M4_T_le_v4SPD16_eabi.lib : memset_t2.asm.obj (.text)
                  00003ac2    00000006     --HOLE-- [fill = 0]
                  00003ac8    00000070     sysbios.aem4f : BIOS.obj (.text:ti_sysbios_heaps_HeapMem_initPrimary__I)
                  00003b38    0000006e     rtsv7M4_T_le_v4SPD16_eabi.lib : _printfi.c.obj (.text:_mcpy)
                  00003ba6    00000002     --HOLE-- [fill = 0]
                  00003ba8    0000006c     sysbios.aem4f : BIOS.obj (.text:ti_sysbios_knl_Swi_restoreHwi__E)
                  00003c14    00000068     UART_MSP432.obj (.text:UART_init)
                  00003c7c    00000068     rtsv7M4_T_le_v4SPD16_eabi.lib : copy_decompress_lzss.c.obj (.text:decompress:lzss:__TI_decompress_lzss)
                  00003ce4    00000004     --HOLE-- [fill = 0]
                  00003ce8    00000066     sysbios.aem4f : BIOS.obj (.text:xdc_runtime_Core_deleteObject__I)
                  00003d4e    00000002     --HOLE-- [fill = 0]
                  00003d50    00000064     HVAC_IO.obj (.text:System_Inicio)
                  00003db4    00000064     rtsv7M4_T_le_v4SPD16_eabi.lib : s_frexp.c.obj (.text:frexp)
                  00003e18    00000064     Threads.obj (.text:main)
                  00003e7c    00000004     --HOLE-- [fill = 0]
                  00003e80    00000064     sysbios.aem4f : BIOS.obj (.text:pthread_exit)
                  00003ee4    00000004     --HOLE-- [fill = 0]
                  00003ee8    00000064                   : BIOS.obj (.text:ti_sysbios_family_arm_m3_Hwi_dispatchC__I)
                  00003f4c    00000004     --HOLE-- [fill = 0]
                  00003f50    00000060                   : BIOS.obj (.text:ti_sysbios_knl_Semaphore_post__E)
                  00003fb0    00000060                   : BIOS.obj (.text:ti_sysbios_knl_Swi_run__I)
                  00004010    00000060     release_pem4f.oem4f (.text:ti_sysbios_knl_Task_create)
                  00004070    0000005e     msp432p4xx_driverlib.lib : pcm.o (.text:PCM_getCoreVoltageLevel)
                  000040ce    00000002     --HOLE-- [fill = 0]
                  000040d0    0000005c     INT_MSP432.obj (.text:Int_registerInterrupt)
                  0000412c    00000004     --HOLE-- [fill = 0]
                  00004130    0000005c     sysbios.aem4f : BIOS.obj (.text:ti_sysbios_knl_Swi_schedule__I)
                  0000418c    00000004     --HOLE-- [fill = 0]
                  00004190    0000005c                   : BIOS.obj (.text:ti_sysbios_knl_Task_startCore__E)
                  000041ec    00000004     --HOLE-- [fill = 0]
                  000041f0    0000005c                   : BIOS.obj (.text:xdc_runtime_Startup_exec__E)
                  0000424c    0000005a     msp432p4xx_driverlib.lib : pcm.o (.text:PCM_getPowerMode)
                  000042a6    00000002     --HOLE-- [fill = 0]
                  000042a8    00000058     UART_MSP432.obj (.text:UART_clck_source)
                  00004300    00000058     UART_MSP432.obj (.text:UART_set_baud_rate)
                  00004358    00000058     boot.aem4f : boot.oem4f (.text)
                  000043b0    00000058     sysbios.aem4f : m3_Hwi_asm_switch.obj (.text:ti_sysbios_family_arm_m3_Hwi_initStacks__E)
                  00004408    00000056     rtsv7M4_T_le_v4SPD16_eabi.lib : _printfi.c.obj (.text:_pconv_f)
                  0000445e    00000002     --HOLE-- [fill = 0]
                  00004460    00000054     msp432p4xx_driverlib.lib : pcm.o (.text:PCM_shutdownDevice)
                  000044b4    00000054     rtsv7M4_T_le_v4SPD16_eabi.lib : _ltoa.c.obj (.text:__TI_ltoa)
                  00004508    00000054     sysbios.aem4f : BIOS.obj (.text:ti_sysbios_family_arm_msp432_Timer_initDevice__I)
                  0000455c    00000052     rtsv7M4_T_le_v4SPD16_eabi.lib : _printfi.c.obj (.text:_ecpy)
                  000045ae    00000002     --HOLE-- [fill = 0]
                  000045b0    00000050     sysbios.aem4f : BIOS.obj (.text:ti_sysbios_family_arm_m3_Hwi_Module_startup__E)
                  00004600    0000004c     rtsv7M4_T_le_v4SPD16_eabi.lib : atoi.c.obj (.text:atoi)
                  0000464c    0000004c                                   : cpy_tbl.c.obj (.text:copy_in)
                  00004698    0000004c     sysbios.aem4f : BIOS.obj (.text:ti_sysbios_family_arm_msp432_Timer_postInit__I)
                  000046e4    00000004     --HOLE-- [fill = 0]
                  000046e8    0000004c                   : BIOS.obj (.text:ti_sysbios_family_arm_msp432_Timer_start__E)
                  00004734    00000004     --HOLE-- [fill = 0]
                  00004738    0000004c                   : BIOS.obj (.text:ti_sysbios_heaps_HeapMem_getStats__E)
                  00004784    00000004     --HOLE-- [fill = 0]
                  00004788    0000004c                   : BIOS.obj (.text:ti_sysbios_knl_Swi_runLoop__I)
                  000047d4    00000004     --HOLE-- [fill = 0]
                  000047d8    0000004c                   : BIOS.obj (.text:ti_sysbios_knl_Task_allBlockedFunction__I)
                  00004824    00000004     --HOLE-- [fill = 0]
                  00004828    0000004c                   : BIOS.obj (.text:ti_sysbios_knl_Task_schedule__I)
                  00004874    00000048     rtsv7M4_T_le_v4SPD16_eabi.lib : fd_toi_t2.asm.obj (.text)
                  000048bc    00000004     --HOLE-- [fill = 0]
                  000048c0    00000048     sysbios.aem4f : BIOS.obj (.text:ti_sysbios_family_arm_m3_Hwi_enableInterrupt__E)
                  00004908    00000048                   : BIOS.obj (.text:ti_sysbios_knl_Mailbox_Module_startup__E)
                  00004950    00000048                   : BIOS.obj (.text:xdc_runtime_Core_assignParams__I)
                  00004998    00000044                   : BIOS.obj (.text:ti_sysbios_family_arm_m3_Hwi_getStackInfo__E)
                  000049dc    00000004     --HOLE-- [fill = 0]
                  000049e0    00000044                   : BIOS.obj (.text:ti_sysbios_knl_Swi_post__E)
                  00004a24    00000040     rtsv7M4_T_le_v4SPD16_eabi.lib : sprintf.c.obj (.text:sprintf)
                  00004a64    00000004     --HOLE-- [fill = 0]
                  00004a68    00000040     sysbios.aem4f : BIOS.obj (.text:ti_sysbios_family_arm_msp432_Timer_Module_startup__E)
                  00004aa8    00000040                   : BIOS.obj (.text:ti_sysbios_family_arm_msp432_Timer_startup__E)
                  00004ae8    00000040     release_pem4f.oem4f (.text:ti_sysbios_gates_GateHwi_Object__create__S)
                  00004b28    00000040     release_pem4f.oem4f (.text:ti_sysbios_gates_GateMutex_Object__create__S)
                  00004b68    00000040     sysbios.aem4f : BIOS.obj (.text:ti_sysbios_heaps_HeapMem_Instance_init__E)
                  00004ba8    00000040     release_pem4f.oem4f (.text:ti_sysbios_heaps_HeapMem_Object__create__S)
                  00004be8    0000003e     rtsv7M4_T_le_v4SPD16_eabi.lib : _printfi.c.obj (.text:_fcpy)
                  00004c26    00000002     --HOLE-- [fill = 0]
                  00004c28    0000003c     ADC_MSP432.obj (.text:ADC_Initialize)
                  00004c64    0000003c     GPIO_MSP432.obj (.text:GPIO_interruptEdgeSelect)
                  00004ca0    0000003c     sysbios.aem4f : BIOS.obj (.text:ti_sysbios_family_arm_msp432_Seconds_Module_startup__E)
                  00004cdc    00000004     --HOLE-- [fill = 0]
                  00004ce0    0000003c                   : BIOS.obj (.text:ti_sysbios_knl_Swi_restore__E)
                  00004d1c    0000003a     HVAC_IO.obj (.text:HVAC_InicialiceADC)
                  00004d56    00000038     rtsv7M4_T_le_v4SPD16_eabi.lib : fs_tod_t2.asm.obj (.text)
                  00004d8e    00000002     --HOLE-- [fill = 0]
                  00004d90    00000038     release_pem4f.oem4f (.text:ti_sysbios_knl_Clock_doTick__I)
                  00004dc8    00000038     sysbios.aem4f : BIOS.obj (.text:xdc_runtime_System_atexit__E)
                  00004e00    00000034     HVAC_Thread.obj (.text:Delay_ms)
                  00004e34    00000034     UART_MSP432.obj (.text:UART_sendByte)
                  00004e68    00000034     UART_MSP432.obj (.text:UART_set_parity)
                  00004e9c    00000034     release_pem4f.oem4f (.text:ti_sysbios_knl_Semaphore_construct)
                  00004ed0    00000032     sysbios.aem4f : BIOS.obj (.text:ti_sysbios_hal_Hwi_initStack)
                  00004f02    00000002     --HOLE-- [fill = 0]
                  00004f04    00000030     GPIO_MSP432.obj (.text:GPIO_getInputPinValue)
                  00004f34    00000030     UART_MSP432.obj (.text:UART_set_location_pin)
                  00004f64    00000030     release_pem4f.oem4f (.text:ti_sysbios_BIOS_atExitFunc__I)
                  00004f94    00000030     release_pem4f.oem4f (.text:ti_sysbios_BIOS_rtsLock__I)
                  00004fc4    00000030     release_pem4f.oem4f (.text:ti_sysbios_BIOS_startFunc__I)
                  00004ff4    00000030     release_pem4f.oem4f (.text:ti_sysbios_family_arm_m3_Hwi_Object__get__S)
                  00005024    00000004     --HOLE-- [fill = 0]
                  00005028    00000030     sysbios.aem4f : BIOS.obj (.text:ti_sysbios_family_arm_m3_TaskSupport_start__E)
                  00005058    00000030                   : BIOS.obj (.text:ti_sysbios_gates_GateMutex_enter__E)
                  00005088    00000030     release_pem4f.oem4f (.text:ti_sysbios_heaps_HeapMem_Object__get__S)
                  000050b8    00000030     sysbios.aem4f : BIOS.obj (.text:ti_sysbios_knl_Mailbox_postInit__I)
                  000050e8    00000030     release_pem4f.oem4f (.text:ti_sysbios_knl_Queue_construct)
                  00005118    00000030     sysbios.aem4f : BIOS.obj (.text:ti_sysbios_knl_Semaphore_pendTimeout__I)
                  00005148    00000030     release_pem4f.oem4f (.text:ti_sysbios_knl_Swi_Object__get__S)
                  00005178    00000030     sysbios.aem4f : BIOS.obj (.text:ti_sysbios_knl_Task_processVitalTaskFlag__I)
                  000051a8    00000030                   : BIOS.obj (.text:ti_sysbios_knl_Task_restore__E)
                  000051d8    00000030                   : BIOS.obj (.text:ti_sysbios_knl_Task_unblockI__E)
                  00005208    00000030                   : BIOS.obj (.text:xdc_runtime_System_processAtExit__E)
                  00005238    0000002e                   : BIOS.obj (.text:pthread_setcancelstate)
                  00005266    0000002e     rtsv7M4_T_le_v4SPD16_eabi.lib : i_tofd_t2.asm.obj (.text)
                  00005294    0000002c     msp432p4xx_driverlib.lib : rtc_c.o (.text:RTC_C_holdClock)
                  000052c0    0000002c     sysbios.aem4f : BIOS.obj (.text:_pthread_cleanupFxn)
                  000052ec    00000004     --HOLE-- [fill = 0]
                  000052f0    0000002c                   : BIOS.obj (.text:_pthread_delete$43)
                  0000531c    0000002c     release_pem4f.oem4f (.text:ti_sysbios_BIOS_rtsUnlock__I)
                  00005348    0000002c     release_pem4f.oem4f (.text:ti_sysbios_gates_GateHwi_Handle__label__S)
                  00005374    0000002c     release_pem4f.oem4f (.text:ti_sysbios_gates_GateMutex_Handle__label__S)
                  000053a0    0000002c     release_pem4f.oem4f (.text:ti_sysbios_heaps_HeapMem_Handle__label__S)
                  000053cc    0000002c     release_pem4f.oem4f (.text:ti_sysbios_knl_Semaphore_Params__init__S)
                  000053f8    0000002c     release_pem4f.oem4f (.text:ti_sysbios_knl_Task_Object__get__S)
                  00005424    0000002c     release_pem4f.oem4f (.text:ti_sysbios_knl_Task_Params__init__S)
                  00005450    00000028     msp432p4xx_driverlib.lib : pcm.o (.text:PCM_gotoLPM0)
                  00005478    00000028     sysbios.aem4f : m3_Hwi_asm.obj (.text:ti_sysbios_family_arm_m3_Hwi_excHandlerAsm__I)
                  000054a0    00000028     release_pem4f.oem4f (.text:ti_sysbios_gates_GateMutex_Object__delete__S)
                  000054c8    00000028     sysbios.aem4f : BIOS.obj (.text:ti_sysbios_knl_Clock_addI__E)
                  000054f0    00000028                   : BIOS.obj (.text:ti_sysbios_knl_Swi_Module_startup__E)
                  00005518    00000028     release_pem4f.oem4f (.text:ti_sysbios_knl_Task_Object__delete__S)
                  00005540    00000026     HVAC_Thread.obj (.text:HVAC_Thread)
                  00005566    00000026     sysbios.aem4f : m3_Hwi_asm.obj (.text:ti_sysbios_family_arm_m3_Hwi_pendSV__I)
                  0000558c    00000024     TIMER32_MSP432.obj (.text:T32_Configure1)
                  000055b0    00000024     UART_MSP432.obj (.text:UART_putsf)
                  000055d4    00000024     msp432p4xx_driverlib.lib : wdt_a.o (.text:WDT_A_holdTimer)
                  000055f8    00000024     sysbios.aem4f : BIOS.obj (.text:pthread_attr_init)
                  0000561c    00000024     release_pem4f.oem4f (.text:ti_sysbios_BIOS_registerRTSLock__I)
                  00005640    00000024     release_pem4f.oem4f (.text:ti_sysbios_gates_GateHwi_Object__delete__S)
                  00005664    00000024     release_pem4f.oem4f (.text:ti_sysbios_heaps_HeapMem_Object__delete__S)
                  00005688    00000024     sysbios.aem4f : BIOS.obj (.text:ti_sysbios_knl_Clock_Module_startup__E)
                  000056ac    00000004     --HOLE-- [fill = 0]
                  000056b0    00000024                   : BIOS.obj (.text:ti_sysbios_knl_Semaphore_Instance_init__E)
                  000056d4    00000004     --HOLE-- [fill = 0]
                  000056d8    00000024                   : BIOS.obj (.text:ti_sysbios_knl_Task_restoreHwi__E)
                  000056fc    00000004     --HOLE-- [fill = 0]
                  00005700    00000024                   : BIOS.obj (.text:xdc_runtime_Error_policyMin__E)
                  00005724    00000020     ADC_MSP432.obj (.text:ADC_ConfigurePinChannel)
                  00005744    00000020     HVAC_IO.obj (.text:LIGHT_ON)
                  00005764    00000020     release_pem4f.oem4f (.text:ti_sysbios_BIOS_removeRTSLock__I)
                  00005784    00000004     --HOLE-- [fill = 0]
                  00005788    00000020     sysbios.aem4f : BIOS.obj (.text:ti_sysbios_knl_Idle_run__E)
                  000057a8    00000020     release_pem4f.oem4f (.text:ti_sysbios_knl_Mailbox_Object__get__S)
                  000057c8    00000020     release_pem4f.oem4f (.text:ti_sysbios_knl_Semaphore_destruct)
                  000057e8    00000020     release_pem4f.oem4f (.text:ti_sysbios_rts_ti_ReentSupport_getTlsAddr__I)
                  00005808    00000020     release_pem4f.oem4f (.text:xdc_runtime_IHeap_alloc)
                  00005828    0000001e     sysbios.aem4f : m3_Hwi_asm_switch.obj (.text:ti_sysbios_family_xxx_Hwi_switchAndRunFunc)
                  00005846    0000001e     release_pem4f.oem4f (.text:ti_sysbios_knl_Task_SupportProxy_start__E)
                  00005864    0000001e     release_pem4f.oem4f (.text:xdc_runtime_Memory_HeapProxy_alloc__E)
                  00005882    00000002     --HOLE-- [fill = 0]
                  00005884    0000001c     ADC_MSP432.obj (.text:ADC_SetEndOfSequenceChannel)
                  000058a0    0000001c     ADC_MSP432.obj (.text:ADC_result)
                  000058bc    0000001c     HVAC_IO.obj (.text:System_InicialiceTIMER)
                  000058d8    0000001c     rtsv7M4_T_le_v4SPD16_eabi.lib : memccpy.c.obj (.text:memccpy)
                  000058f4    0000001c     release_pem4f.oem4f (.text:ti_sysbios_family_arm_m3_Hwi_Module__startupDone__F)
                  00005910    0000001c     sysbios.aem4f : BIOS.obj (.text:ti_sysbios_family_arm_m3_Hwi_excHandler__I)
                  0000592c    0000001c     release_pem4f.oem4f (.text:ti_sysbios_family_arm_msp432_Timer_Module__startupDone__F)
                  00005948    0000001c     sysbios.aem4f : BIOS.obj (.text:ti_sysbios_gates_GateMutex_Instance_init__E)
                  00005964    0000001c     release_pem4f.oem4f (.text:ti_sysbios_knl_Queue_Object__get__S)
                  00005980    0000001c     release_pem4f.oem4f (.text:ti_sysbios_knl_Queue_destruct)
                  0000599c    00000004     --HOLE-- [fill = 0]
                  000059a0    0000001c     sysbios.aem4f : BIOS.obj (.text:ti_sysbios_knl_Queue_put__E)
                  000059bc    00000004     --HOLE-- [fill = 0]
                  000059c0    0000001c                   : BIOS.obj (.text:ti_sysbios_knl_Task_enter__I)
                  000059dc    00000004     --HOLE-- [fill = 0]
                  000059e0    0000001c                   : BIOS.obj (.text:ti_sysbios_rts_ti_ReentSupport_getReent__F)
                  000059fc    00000004     --HOLE-- [fill = 0]
                  00005a00    0000001c                   : BIOS.obj (.text:xdc_runtime_Memory_valloc__E)
                  00005a1c    0000001c     release_pem4f.oem4f (.text:xdc_runtime_Startup_exec__I)
                  00005a38    0000001c     sysbios.aem4f : BIOS.obj (.text:xdc_runtime_System_abort__E)
                  00005a54    0000001a     rtsv7M4_T_le_v4SPD16_eabi.lib : s_copysign.c.obj (.text:copysign)
                  00005a6e    0000001a     release_pem4f.oem4f (.text:xdc_runtime_IHeap_free)
                  00005a88    00000018     release_pem4f.oem4f (.text:.bootCodeSection:ti_sysbios_family_arm_msp432_init_Boot_init__I)
                  00005aa0    00000018     ADC_MSP432.obj (.text:ADC_SetConvertionMode)
                  00005ab8    00000018     ADC_MSP432.obj (.text:ADC_trigger)
                  00005ad0    00000018     UART_MSP432.obj (.text:UART_B_char_IE)
                  00005ae8    00000018     UART_MSP432.obj (.text:UART_E_char_IE)
                  00005b00    00000018     UART_MSP432.obj (.text:UART_data_bits)
                  00005b18    00000018     UART_MSP432.obj (.text:UART_mode)
                  00005b30    00000018     UART_MSP432.obj (.text:UART_set_oversampling)
                  00005b48    00000018     UART_MSP432.obj (.text:UART_set_stop_bits)
                  00005b60    00000018     UART_MSP432.obj (.text:UART_set_transmision_dir)
                  00005b78    00000018     rtsv7M4_T_le_v4SPD16_eabi.lib : args_main.c.obj (.text:_args_main)
                  00005b90    00000018                                   : sprintf.c.obj (.text:_outs)
                  00005ba8    00000018     sysbios.aem4f : m3_TaskSupport_asm.obj (.text:ti_sysbios_family_arm_m3_TaskSupport_swap__E)
                  00005bc0    00000018                   : BIOS.obj (.text:ti_sysbios_gates_GateMutex_leave__E)
                  00005bd8    00000018                   : BIOS.obj (.text:xdc_runtime_Error_init__E)
                  00005bf0    00000018                   : BIOS.obj (.text:xdc_runtime_System_exit__E)
                  00005c08    00000016     UART_MSP432.obj (.text:UART_den)
                  00005c1e    00000016     UART_MSP432.obj (.text:UART_en)
                  00005c34    00000016     rtsv7M4_T_le_v4SPD16_eabi.lib : strchr.c.obj (.text:strchr)
                  00005c4a    00000016     release_pem4f.oem4f (.text:ti_sysbios_BIOS_exitFunc__I)
                  00005c60    00000016     sysbios.aem4f : BIOS.obj (.text:ti_sysbios_knl_Task_unblock__E)
                  00005c76    00000002     --HOLE-- [fill = 0]
                  00005c78    00000014     msp432p4xx_driverlib.lib : pcm.o (.text:PCM_getPowerState)
                  00005c8c    00000014     TIMER32_MSP432.obj (.text:T32_SetLoadValue1)
                  00005ca0    00000014     HVAC_Thread.obj (.text:Timer32_INT1)
                  00005cb4    00000004     --HOLE-- [fill = 0]
                  00005cb8    00000014     sysbios.aem4f : BIOS.obj (.text:pthread_attr_setschedparam)
                  00005ccc    00000014     rtsv7M4_T_le_v4SPD16_eabi.lib : strlen.c.obj (.text:strlen)
                  00005ce0    00000014     sysbios.aem4f : BIOS.obj (.text:ti_sysbios_family_arm_m3_Hwi_switchFromBootStack__E)
                  00005cf4    00000014     release_pem4f.oem4f (.text:ti_sysbios_hal_Hwi_HwiProxy_getStackInfo__E)
                  00005d08    00000014     release_pem4f.oem4f (.text:ti_sysbios_knl_Clock_Module_State_clockQ)
                  00005d1c    00000014     release_pem4f.oem4f (.text:xdc_runtime_Memory_HeapProxy_free__E)
                  00005d30    00000012     sysbios.aem4f : BIOS.obj (.text:_pthread_cleanup_pop)
                  00005d42    00000006     --HOLE-- [fill = 0]
                  00005d48    00000012                   : BIOS.obj (.text:_pthread_runStub$43)
                  00005d5a    00000006     --HOLE-- [fill = 0]
                  00005d60    00000012                   : BIOS.obj (.text:ti_sysbios_hal_Hwi_Module_startup__E)
                  00005d72    00000012     rtsv7M4_T_le_v4SPD16_eabi.lib : wcslen.c.obj (.text:wcslen)
                  00005d84    00000010     ADC_MSP432.obj (.text:ADC_is_busy)
                  00005d94    00000010     msp432p4xx_driverlib.lib : pcm.o (.text:PCM_gotoLPM4)
                  00005da4    00000010                              : pcm.o (.text:PCM_setPowerMode)
                  00005db4    00000010                              : pcm.o (.text:PCM_setPowerState)
                  00005dc4    00000010     release_pem4f.oem4f (.text:ti_sysbios_BIOS_RtsGateProxy_leave__E)
                  00005dd4    00000004     --HOLE-- [fill = 0]
                  00005dd8    00000010     sysbios.aem4f : BIOS.obj (.text:ti_sysbios_BIOS_exit__E)
                  00005de8    00000010                   : BIOS.obj (.text:ti_sysbios_BIOS_setThreadType__E)
                  00005df8    00000010                   : BIOS.obj (.text:ti_sysbios_BIOS_start__E)
                  00005e08    00000010                   : m3_TaskSupport_asm.obj (.text:ti_sysbios_family_arm_m3_TaskSupport_glue)
                  00005e18    00000010                   : BIOS.obj (.text:ti_sysbios_family_arm_msp432_init_Boot_disableWatchdog)
                  00005e28    00000010                   : BIOS.obj (.text:ti_sysbios_gates_GateMutex_Instance_finalize__E)
                  00005e38    00000010     release_pem4f.oem4f (.text:ti_sysbios_heaps_HeapMem_Module_GateProxy_leave__E)
                  00005e48    00000010     sysbios.aem4f : BIOS.obj (.text:ti_sysbios_knl_Semaphore_Instance_finalize__E)
                  00005e58    00000010                   : BIOS.obj (.text:ti_sysbios_knl_Swi_disable__E)
                  00005e68    00000010     release_pem4f.oem4f (.text:ti_sysbios_knl_Task_SupportProxy_swap__E)
                  00005e78    00000010     sysbios.aem4f : BIOS.obj (.text:ti_sysbios_knl_Task_disable__E)
                  00005e88    00000010                   : BIOS.obj (.text:xdc_runtime_Gate_leaveSystem__E)
                  00005e98    00000010                   : BIOS.obj (.text:xdc_runtime_Memory_free__E)
                  00005ea8    00000010                   : BIOS.obj (.text:xdc_runtime_SysCallback_abort__E)
                  00005eb8    00000010                   : BIOS.obj (.text:xdc_runtime_SysCallback_exit__E)
                  00005ec8    00000010     release_pem4f.oem4f (.text:xdc_runtime_System_Module_GateProxy_leave__E)
                  00005ed8    0000000e     TIMER32_MSP432.obj (.text:T32_Init1)
                  00005ee6    0000000e     rtsv7M4_T_le_v4SPD16_eabi.lib : copy_decompress_none.c.obj (.text:decompress:none:__TI_decompress_none)
                  00005ef4    00000004     --HOLE-- [fill = 0]
                  00005ef8    0000000e     sysbios.aem4f : BIOS.obj (.text:pthread_attr_setdetachstate)
                  00005f06    00000002     --HOLE-- [fill = 0]
                  00005f08    0000000e                   : BIOS.obj (.text:ti_sysbios_knl_Idle_loop__E)
                  00005f16    00000002     --HOLE-- [fill = 0]
                  00005f18    0000000e                   : BIOS.obj (.text:ti_sysbios_knl_Queue_empty__E)
                  00005f26    00000002     --HOLE-- [fill = 0]
                  00005f28    0000000c     TIMER32_MSP432.obj (.text:T32_ClearInterruptFlag1)
                  00005f34    0000000c     TIMER32_MSP432.obj (.text:T32_EnableInterrupt1)
                  00005f40    0000000c     TIMER32_MSP432.obj (.text:T32_EnableTimer1)
                  00005f4c    0000000c     rtsv7M4_T_le_v4SPD16_eabi.lib : _lock.c.obj (.text:_register_lock)
                  00005f58    0000000c                                   : _lock.c.obj (.text:_register_unlock)
                  00005f64    0000000c                                   : copy_zero_init.c.obj (.text:decompress:ZI:__TI_zero_init)
                  00005f70    0000000c     sysbios.aem4f : BIOS.obj (.text:pthread_self)
                  00005f7c    0000000c     release_pem4f.oem4f (.text:ti_sysbios_BIOS_RtsGateProxy_enter__E)
                  00005f88    0000000c     sysbios.aem4f : BIOS.obj (.text:ti_sysbios_family_arm_m3_TaskSupport_getStackAlignment__E)
                  00005f94    00000004     --HOLE-- [fill = 0]
                  00005f98    0000000c                   : BIOS.obj (.text:ti_sysbios_family_arm_msp432_Timer_getMaxTicks__E)
                  00005fa4    00000004     --HOLE-- [fill = 0]
                  00005fa8    0000000c                   : BIOS.obj (.text:ti_sysbios_gates_GateHwi_enter__E)
                  00005fb4    0000000c     release_pem4f.oem4f (.text:ti_sysbios_heaps_HeapMem_Module_GateProxy_enter__E)
                  00005fc0    0000000c     release_pem4f.oem4f (.text:ti_sysbios_heaps_HeapMem_Module_GateProxy_query__E)
                  00005fcc    0000000c     release_pem4f.oem4f (.text:ti_sysbios_knl_Clock_TimerProxy_getMaxTicks__E)
                  00005fd8    0000000c     release_pem4f.oem4f (.text:ti_sysbios_knl_Task_delete)
                  00005fe4    00000004     --HOLE-- [fill = 0]
                  00005fe8    0000000c     sysbios.aem4f : BIOS.obj (.text:ti_sysbios_knl_Task_self__E)
                  00005ff4    00000004     --HOLE-- [fill = 0]
                  00005ff8    0000000c                   : BIOS.obj (.text:ti_sysbios_rts_ti_ReentSupport_taskRegHook__I)
                  00006004    00000004     --HOLE-- [fill = 0]
                  00006008    0000000c                   : BIOS.obj (.text:xdc_runtime_Gate_enterSystem__E)
                  00006014    00000004     --HOLE-- [fill = 0]
                  00006018    0000000c                   : BIOS.obj (.text:xdc_runtime_Startup_rtsDone__E)
                  00006024    0000000c     release_pem4f.oem4f (.text:xdc_runtime_System_Module_GateProxy_enter__E)
                  00006030    0000000c     release_pem4f.oem4f (.text:xdc_runtime_System_SupportProxy_abort__E)
                  0000603c    0000000c     release_pem4f.oem4f (.text:xdc_runtime_System_SupportProxy_exit__E)
                  00006048    0000000a     rtsv7M4_T_le_v4SPD16_eabi.lib : sprintf.c.obj (.text:_outc)
                  00006052    00000008     HVAC_IO.obj (.text:HVAC_InicialiceUART)
                  0000605a    00000006     --HOLE-- [fill = 0]
                  00006060    00000008     sysbios.aem4f : BIOS.obj (.text:pthread_attr_setstacksize)
                  00006068    00000008     release_pem4f.oem4f (.text:ti_sysbios_family_arm_m3_Hwi_Module__startupDone__S)
                  00006070    00000008     sysbios.aem4f : BIOS.obj (.text:ti_sysbios_family_arm_m3_Hwi_doSwiRestore__I)
                  00006078    00000008                   : BIOS.obj (.text:ti_sysbios_family_arm_m3_Hwi_startup__E)
                  00006080    00000008     release_pem4f.oem4f (.text:ti_sysbios_family_arm_msp432_Timer_Module__startupDone__S)
                  00006088    00000008     release_pem4f.oem4f (.text:ti_sysbios_hal_Hwi_HwiProxy_Module__startupDone__S)
                  00006090    00000008     release_pem4f.oem4f (.text:ti_sysbios_hal_Hwi_HwiProxy_startup__E)
                  00006098    00000008     release_pem4f.oem4f (.text:ti_sysbios_hal_Hwi_HwiProxy_switchFromBootStack__E)
                  000060a0    00000008     release_pem4f.oem4f (.text:ti_sysbios_knl_Clock_TimerProxy_Module__startupDone__S)
                  000060a8    00000008     release_pem4f.oem4f (.text:ti_sysbios_knl_Task_SupportProxy_Module__startupDone__S)
                  000060b0    00000008     release_pem4f.oem4f (.text:ti_sysbios_knl_Task_SupportProxy_getStackAlignment__E)
                  000060b8    00000008     release_pem4f.oem4f (.text:ti_sysbios_rts_ti_ReentSupport_getReent__E)
                  000060c0    00000008     release_pem4f.oem4f (.text:xdc_runtime_Startup_reset__I)
                  000060c8    00000006     sysbios.aem4f : BIOS.obj (.text:ti_sysbios_family_arm_m3_Hwi_doTaskRestore__I)
                  000060ce    00000002     --HOLE-- [fill = 0]
                  000060d0    00000006                   : BIOS.obj (.text:ti_sysbios_gates_GateHwi_leave__E)
                  000060d6    00000002     --HOLE-- [fill = 0]
                  000060d8    00000006                   : BIOS.obj (.text:ti_sysbios_heaps_HeapMem_isBlocking__E)
                  000060de    00000002     --HOLE-- [fill = 0]
                  000060e0    00000006                   : BIOS.obj (.text:ti_sysbios_knl_Queue_Instance_init__E)
                  000060e6    00000002     --HOLE-- [fill = 0]
                  000060e8    00000006                   : BIOS.obj (.text:ti_sysbios_knl_Swi_startup__E)
                  000060ee    00000002     --HOLE-- [fill = 0]
                  000060f0    00000006                   : BIOS.obj (.text:xdc_runtime_System_Module_startup__E)
                  000060f6    00000002     --HOLE-- [fill = 0]
                  000060f8    00000004                   : BIOS.obj (.text:__aeabi_errno_addr)
                  000060fc    00000004     --HOLE-- [fill = 0]
                  00006100    00000004                   : BIOS.obj (.text:ti_sysbios_gates_GateHwi_query__E)
                  00006104    00000004     --HOLE-- [fill = 0]
                  00006108    00000004                   : BIOS.obj (.text:ti_sysbios_gates_GateMutex_query__E)
                  0000610c    00000004     --HOLE-- [fill = 0]
                  00006110    00000004                   : BIOS.obj (.text:ti_sysbios_knl_Task_startup__E)
                  00006114    00000004     --HOLE-- [fill = 0]
                  00006118    00000002                   : BIOS.obj (.text:ti_sysbios_BIOS_linkedWithIncorrectBootLibrary__E)
                  0000611a    00000006     --HOLE-- [fill = 0]
                  00006120    00000002                   : BIOS.obj (.text:ti_sysbios_gates_GateHwi_Instance_init__E)
                  00006122    00000006     --HOLE-- [fill = 0]
                  00006128    00000002                   : BIOS.obj (.text:ti_sysbios_knl_Clock_logTick__E)
                  0000612a    00000006     --HOLE-- [fill = 0]
                  00006130    00000002                   : BIOS.obj (.text:xdc_runtime_SysCallback_defaultAbort)
                  00006132    00000006     --HOLE-- [fill = 0]
                  00006138    00000002                   : BIOS.obj (.text:xdc_runtime_SysCallback_defaultExit)
                  0000613a    00000006     --HOLE-- [fill = 0]
                  00006140    00000002                   : BIOS.obj (.text:xdc_runtime_System_abortSpin__E)
                  00006142    00000006     --HOLE-- [fill = 0]
                  00006148    00000002                   : BIOS.obj (.text:xdc_runtime_System_exitSpin__E)

.const     0    0000614c    000004fc     
                  0000614c    00000101     rtsv7M4_T_le_v4SPD16_eabi.lib : ctype.c.obj (.const:.string:_ctypes_)
                  0000624d    00000001     release_pem4f.oem4f (.const:xdc_runtime_Error_policy__C)
                  0000624e    00000002     release_pem4f.oem4f (.const:ti_sysbios_family_arm_msp432_init_Boot_bypassHFXT__C)
                  00006250    00000048     release_pem4f.oem4f (.const:.string)
                  00006298    0000003c     release_pem4f.oem4f (.const:ti_sysbios_knl_Task_Object__PARAMS__C)
                  000062d4    00000030     GPIO_MSP432.obj (.const:GPIO_PORT_TO_BASE)
                  00006304    00000028     release_pem4f.oem4f (.const:ti_sysbios_heaps_HeapMem_Module__FXNS__C)
                  0000632c    00000024     release_pem4f.oem4f (.const:ti_sysbios_gates_GateHwi_Module__FXNS__C)
                  00006350    00000024     release_pem4f.oem4f (.const:ti_sysbios_gates_GateMutex_Module__FXNS__C)
                  00006374    00000024     release_pem4f.oem4f (.const:ti_sysbios_heaps_HeapMem_Object__PARAMS__C)
                  00006398    00000024     release_pem4f.oem4f (.const:ti_sysbios_knl_Semaphore_Object__PARAMS__C)
                  000063bc    00000024     release_pem4f.oem4f (.const:xdc_runtime_Startup_sfxnTab__A)
                  000063e0    00000020     release_pem4f.oem4f (.const:ti_sysbios_gates_GateHwi_Object__DESC__C)
                  00006400    00000020     release_pem4f.oem4f (.const:ti_sysbios_gates_GateMutex_Object__DESC__C)
                  00006420    00000020     release_pem4f.oem4f (.const:ti_sysbios_heaps_HeapMem_Object__DESC__C)
                  00006440    00000020     release_pem4f.oem4f (.const:ti_sysbios_knl_Queue_Object__DESC__C)
                  00006460    00000020     release_pem4f.oem4f (.const:ti_sysbios_knl_Semaphore_Object__DESC__C)
                  00006480    00000020     release_pem4f.oem4f (.const:ti_sysbios_knl_Task_Object__DESC__C)
                  000064a0    00000018     release_pem4f.oem4f (.const:ti_sysbios_gates_GateHwi_Object__PARAMS__C)
                  000064b8    00000018     release_pem4f.oem4f (.const:ti_sysbios_gates_GateMutex_Object__PARAMS__C)
                  000064d0    00000018     release_pem4f.oem4f (.const:ti_sysbios_knl_Queue_Object__PARAMS__C)
                  000064e8    00000018     release_pem4f.oem4f (.const:ti_sysbios_knl_Task_hooks__A)
                  00006500    00000012     release_pem4f.oem4f (.const:xdc_runtime_Startup_sfxnRts__A)
                  00006512    00000002     release_pem4f.oem4f (.const:ti_sysbios_family_arm_msp432_init_Boot_bypassLFXT__C)
                  00006514    0000000c     UART_MSP432.obj (.const:BRFX)
                  00006520    0000000c     UART_MSP432.obj (.const:BRS)
                  0000652c    0000000c     UART_MSP432.obj (.const:BRX)
                  00006538    0000000c     release_pem4f.oem4f (.const:xdc_runtime_Startup_firstFxns__A)
                  00006544    00000008     INT_MSP432.obj (.const:g_pulEnRegs)
                  0000654c    00000008     release_pem4f.oem4f (.const:ti_sysbios_knl_Idle_funcList__A)
                  00006554    00000008     release_pem4f.oem4f (.const:ti_sysbios_knl_Idle_funcList__C)
                  0000655c    00000008     release_pem4f.oem4f (.const:ti_sysbios_knl_Task_hooks__C)
                  00006564    00000008     release_pem4f.oem4f (.const:xdc_runtime_Startup_firstFxns__C)
                  0000656c    00000008     release_pem4f.oem4f (.const:xdc_runtime_Startup_lastFxns__C)
                  00006574    00000004     release_pem4f.oem4f (.const:ti_sysbios_family_arm_m3_Hwi_NUM_INTERRUPTS__C)
                  00006578    00000004     release_pem4f.oem4f (.const:ti_sysbios_family_arm_m3_Hwi_Object__count__C)
                  0000657c    00000004     release_pem4f.oem4f (.const:ti_sysbios_family_arm_m3_Hwi_Object__table__C)
                  00006580    00000004     release_pem4f.oem4f (.const:ti_sysbios_family_arm_m3_Hwi_ccr__C)
                  00006584    00000004     release_pem4f.oem4f (.const:ti_sysbios_family_arm_m3_Hwi_excHandlerFunc__C)
                  00006588    00000004     release_pem4f.oem4f (.const:ti_sysbios_family_arm_m3_Hwi_nullIsrFunc__C)
                  0000658c    00000004     release_pem4f.oem4f (.const:ti_sysbios_family_arm_m3_Hwi_priGroup__C)
                  00006590    00000004     release_pem4f.oem4f (.const:ti_sysbios_family_arm_m3_TaskSupport_stackAlignment__C)
                  00006594    00000004     release_pem4f.oem4f (.const:ti_sysbios_family_arm_msp432_Timer_numTimerDevices__C)
                  00006598    00000004     release_pem4f.oem4f (.const:ti_sysbios_family_arm_msp432_Timer_startupNeeded__C)
                  0000659c    00000004     release_pem4f.oem4f (.const:ti_sysbios_gates_GateMutex_Instance_State_sem__O)
                  000065a0    00000004     release_pem4f.oem4f (.const:ti_sysbios_heaps_HeapMem_E_memory__C)
                  000065a4    00000004     release_pem4f.oem4f (.const:ti_sysbios_heaps_HeapMem_Module__gateObj__C)
                  000065a8    00000004     release_pem4f.oem4f (.const:ti_sysbios_heaps_HeapMem_Object__count__C)
                  000065ac    00000004     release_pem4f.oem4f (.const:ti_sysbios_heaps_HeapMem_Object__table__C)
                  000065b0    00000004     release_pem4f.oem4f (.const:ti_sysbios_heaps_HeapMem_primaryHeapBaseAddr__C)
                  000065b4    00000004     release_pem4f.oem4f (.const:ti_sysbios_heaps_HeapMem_primaryHeapEndAddr__C)
                  000065b8    00000004     release_pem4f.oem4f (.const:ti_sysbios_heaps_HeapMem_reqAlign__C)
                  000065bc    00000004     release_pem4f.oem4f (.const:ti_sysbios_knl_Clock_Module_State_clockQ__O)
                  000065c0    00000004     release_pem4f.oem4f (.const:ti_sysbios_knl_Mailbox_Instance_State_freeQue__O)
                  000065c4    00000004     release_pem4f.oem4f (.const:ti_sysbios_knl_Mailbox_Object__count__C)
                  000065c8    00000004     release_pem4f.oem4f (.const:ti_sysbios_knl_Mailbox_maxTypeAlign__C)
                  000065cc    00000004     release_pem4f.oem4f (.const:ti_sysbios_knl_Semaphore_Instance_State_pendQ__O)
                  000065d0    00000004     release_pem4f.oem4f (.const:ti_sysbios_knl_Swi_Object__count__C)
                  000065d4    00000004     release_pem4f.oem4f (.const:ti_sysbios_knl_Swi_Object__table__C)
                  000065d8    00000004     release_pem4f.oem4f (.const:ti_sysbios_knl_Task_Module_State_inactiveQ__O)
                  000065dc    00000004     release_pem4f.oem4f (.const:ti_sysbios_knl_Task_Object__count__C)
                  000065e0    00000004     release_pem4f.oem4f (.const:ti_sysbios_knl_Task_Object__heap__C)
                  000065e4    00000004     release_pem4f.oem4f (.const:ti_sysbios_knl_Task_Object__table__C)
                  000065e8    00000004     release_pem4f.oem4f (.const:ti_sysbios_knl_Task_allBlockedFunc__C)
                  000065ec    00000004     release_pem4f.oem4f (.const:ti_sysbios_knl_Task_defaultStackHeap__C)
                  000065f0    00000004     release_pem4f.oem4f (.const:ti_sysbios_knl_Task_defaultStackSize__C)
                  000065f4    00000004     release_pem4f.oem4f (.const:ti_sysbios_knl_Task_numConstructedTasks__C)
                  000065f8    00000004     release_pem4f.oem4f (.const:xdc_runtime_Error_E_memory__C)
                  000065fc    00000004     release_pem4f.oem4f (.const:xdc_runtime_Error_policyFxn__C)
                  00006600    00000004     release_pem4f.oem4f (.const:xdc_runtime_IGateProvider_Interface__BASE__C)
                  00006604    00000004     release_pem4f.oem4f (.const:xdc_runtime_IHeap_Interface__BASE__C)
                  00006608    00000004     release_pem4f.oem4f (.const:xdc_runtime_IModule_Interface__BASE__C)
                  0000660c    00000004     release_pem4f.oem4f (.const:xdc_runtime_Memory_defaultHeapInstance__C)
                  00006610    00000004     release_pem4f.oem4f (.const:xdc_runtime_Startup_execImpl__C)
                  00006614    00000004     release_pem4f.oem4f (.const:xdc_runtime_Startup_maxPasses__C)
                  00006618    00000004     release_pem4f.oem4f (.const:xdc_runtime_Startup_sfxnRts__C)
                  0000661c    00000004     release_pem4f.oem4f (.const:xdc_runtime_Startup_sfxnTab__C)
                  00006620    00000004     release_pem4f.oem4f (.const:xdc_runtime_Startup_startModsFxn__C)
                  00006624    00000004     release_pem4f.oem4f (.const:xdc_runtime_SysCallback_abortFxn__C)
                  00006628    00000004     release_pem4f.oem4f (.const:xdc_runtime_SysCallback_exitFxn__C)
                  0000662c    00000004     release_pem4f.oem4f (.const:xdc_runtime_System_Module__gateObj__C)
                  00006630    00000004     release_pem4f.oem4f (.const:xdc_runtime_System_abortFxn__C)
                  00006634    00000004     release_pem4f.oem4f (.const:xdc_runtime_System_exitFxn__C)
                  00006638    00000004     release_pem4f.oem4f (.const:xdc_runtime_System_maxAtexitHandlers__C)
                  0000663c    00000004     release_pem4f.oem4f (.const:xdc_runtime_Text_nameUnknown__C)
                  00006640    00000002     release_pem4f.oem4f (.const:ti_sysbios_family_arm_msp432_init_Boot_enableHFXT__C)
                  00006642    00000002     release_pem4f.oem4f (.const:ti_sysbios_family_arm_msp432_init_Boot_enableLFXT__C)
                  00006644    00000002     release_pem4f.oem4f (.const:ti_sysbios_heaps_HeapMem_Module__id__C)
                  00006646    00000002     release_pem4f.oem4f (.const:xdc_runtime_Memory_Module__id__C)

.cinit     0    00006648    000001e0     
                  00006648    000001a8     (.cinit..data.load) [load image, compression = lzss]
                  000067f0    0000000c     (__TI_handler_table)
                  000067fc    00000004     --HOLE-- [fill = 0]
                  00006800    00000008     (.cinit..bss.load) [load image, compression = zero_init]
                  00006808    00000008     (.cinit..vtable.load) [load image, compression = zero_init]
                  00006810    00000018     (__TI_cinit_table)

.init_array 
*          0    00000000    00000000     UNINITIALIZED

.bss       0    20000140    000004a3     UNINITIALIZED
                  20000140    00000200     release_pem4f.oem4f (.bss:taskStackSection)
                  20000340    00000140     (.common:ti_sysbios_family_arm_m3_Hwi_dispatchTable)
                  20000480    00000040     (.common:state)
                  200004c0    00000040     (.common:state2)
                  20000500    00000040     (.common:state3)
                  20000540    00000040     (.common:state4)
                  20000580    00000040     (.common:state5)
                  200005c0    00000004     (.common:Delay_Per2)
                  200005c4    00000004     (.common:Pot_1)
                  200005c8    00000004     (.common:Pot_2)
                  200005cc    00000004     (.common:i)
                  200005d0    00000004     (.common:j)
                  200005d4    00000004     (.common:k)
                  200005d8    00000004     (.common:ti_sysbios_knl_Task_Instance_State_0_hookEnv__A)
                  200005dc    00000001     (.common:Lumin1)
                  200005dd    00000001     (.common:Lumin2)
                  200005de    00000001     (.common:Lumin3)
                  200005df    00000001     (.common:PREV_STATE_P1)
                  200005e0    00000001     (.common:PREV_STATE_P2)
                  200005e1    00000001     (.common:sys_flag)
                  200005e2    00000001     (.common:sys_turn)

.data      0    200005e4    0000048f     UNINITIALIZED
                  200005e4    00000088     sysbios.aem4f : BIOS.obj (.data:$O1$$)
                  2000066c    00000080     release_pem4f.oem4f (.data:ti_sysbios_knl_Swi_Module_State_0_readyQ__A)
                  200006ec    00000080     release_pem4f.oem4f (.data:ti_sysbios_knl_Task_Module_State_0_readyQ__A)
                  2000076c    00000054     release_pem4f.oem4f (.data:ti_sysbios_gates_GateMutex_Object__table__V)
                  200007c0    0000004c     release_pem4f.oem4f (.data:ti_sysbios_knl_Task_Object__table__V)
                  2000080c    00000044     release_pem4f.oem4f (.data:ti_sysbios_family_arm_msp432_Timer_Object__table__V)
                  20000850    00000044     release_pem4f.oem4f (.data:ti_sysbios_knl_Task_Module__state__V)
                  20000894    00000034     release_pem4f.oem4f (.data:ti_sysbios_family_arm_m3_Hwi_Module__state__V)
                  200008c8    00000030     release_pem4f.oem4f (.data:ti_sysbios_knl_Swi_Object__table__V)
                  200008f8    0000002c     release_pem4f.oem4f (.data:ti_sysbios_knl_Clock_Module__state__V)
                  20000924    00000024     release_pem4f.oem4f (.data:ti_sysbios_BIOS_Module__state__V)
                  20000948    00000020     release_pem4f.oem4f (.data:ti_sysbios_family_arm_msp432_Timer_Module_State_0_device__A)
                  20000968    00000020     release_pem4f.oem4f (.data:xdc_runtime_Error_IgnoreBlock)
                  20000988    0000001c     release_pem4f.oem4f (.data:ti_sysbios_knl_Swi_Module__state__V)
                  200009a4    00000018     release_pem4f.oem4f (.data:ti_sysbios_family_arm_m3_Hwi_Object__table__V)
                  200009bc    00000018     release_pem4f.oem4f (.data:ti_sysbios_heaps_HeapMem_Object__table__V)
                  200009d4    00000014     HVAC_IO.obj (.data)
                  200009e8    00000010     release_pem4f.oem4f (.data:ti_sysbios_family_arm_msp432_Timer_Module_State_0_handles__A)
                  200009f8    0000000c     release_pem4f.oem4f (.data:ti_sysbios_family_arm_msp432_Timer_Module__state__V)
                  20000a04    00000008     rtsv7M4_T_le_v4SPD16_eabi.lib : _lock.c.obj (.data:$O1$$)
                  20000a0c    00000008     release_pem4f.oem4f (.data:ti_sysbios_gates_GateHwi_Module__root__V)
                  20000a14    00000008     release_pem4f.oem4f (.data:ti_sysbios_gates_GateMutex_Module__root__V)
                  20000a1c    00000008     release_pem4f.oem4f (.data:ti_sysbios_heaps_HeapMem_Module__root__V)
                  20000a24    00000008     release_pem4f.oem4f (.data:ti_sysbios_knl_Queue_Module__root__V)
                  20000a2c    00000008     release_pem4f.oem4f (.data:ti_sysbios_knl_Semaphore_Module__root__V)
                  20000a34    00000008     release_pem4f.oem4f (.data:ti_sysbios_knl_Task_Module__root__V)
                  20000a3c    00000008     release_pem4f.oem4f (.data:xdc_runtime_Startup_Module__state__V)
                  20000a44    00000008     release_pem4f.oem4f (.data:xdc_runtime_System_Module_State_0_atexitHandlers__A)
                  20000a4c    00000008     release_pem4f.oem4f (.data:xdc_runtime_System_Module__state__V)
                  20000a54    00000004     rtsv7M4_T_le_v4SPD16_eabi.lib : stkdepth_vars.c.obj (.data)
                  20000a58    00000004     release_pem4f.oem4f (.data:ti_sysbios_family_arm_m3_Hwi_Module_State_0_excContext__A)
                  20000a5c    00000004     release_pem4f.oem4f (.data:ti_sysbios_family_arm_m3_Hwi_Module_State_0_excStack__A)
                  20000a60    00000004     release_pem4f.oem4f (.data:ti_sysbios_gates_GateHwi_Object__table__V)
                  20000a64    00000004     release_pem4f.oem4f (.data:ti_sysbios_knl_Task_Module_State_0_idleTask__A)
                  20000a68    00000004     release_pem4f.oem4f (.data:ti_sysbios_rts_ti_ReentSupport_Module__state__V)
                  20000a6c    00000004     release_pem4f.oem4f (.data:xdc_runtime_Memory_Module__state__V)
                  20000a70    00000002     release_pem4f.oem4f (.data:ti_sysbios_family_arm_m3_Hwi_Module_State_0_excActive__A)
                  20000a72    00000001     HVAC_Thread.obj (.data)

.vtable    0    20001000    000000e8     UNINITIALIZED
                  20001000    000000e8     INT_MSP432.obj (.vtable)

.priheap   0    200010e8    00004000     UNINITIALIZED
                  200010e8    00004000     --HOLE--

.stack     0    2000fc00    00000400     UNINITIALIZED
                  2000fc00    00000400     --HOLE--

.bootVecs 
*          0    00000000    00000008     DSECT
                  00000000    00000008     boot.aem4f : boot.oem4f (.bootVecs)

.resetVecs 
*          0    00000000    0000003c     
                  00000000    0000003c     release_pem4f.oem4f (.resetVecs)

.vecs      0    20000000    00000140     NOLOAD SECTION
                  20000000    00000140     release_pem4f.oem4f (.vecs)

xdc.meta   0    00000000    000000e3     COPY SECTION
                  00000000    000000e3     release_pem4f.oem4f (xdc.meta)

xdc.noload 
*          0    00000000    00000000     COPY SECTION

__llvm_prf_cnts 
*          0    20000000    00000000     UNINITIALIZED

.binit     0    00000000    00000000     

MODULE SUMMARY

       Module                       code    ro data   rw data
       ------                       ----    -------   -------
    .\
       HVAC_IO.obj                  2066    0         742    
       HVAC_Thread.obj              110     0         2      
       Threads.obj                  100     0         0      
    +--+----------------------------+-------+---------+---------+
       Total:                       2276    0         744    
                                                             
    .\Aux_files\
       system_msp432p401r.obj       202     0         0      
    +--+----------------------------+-------+---------+---------+
       Total:                       202     0         0      
                                                             
    .\Drivers\
       GPIO_MSP432.obj              668     48        0      
       UART_MSP432.obj              680     36        0      
       INT_MSP432.obj               220     8         464    
       ADC_MSP432.obj               212     0         0      
       TIMER32_MSP432.obj           106     0         0      
    +--+----------------------------+-------+---------+---------+
       Total:                       1886    92        464    
                                                             
    C:\Users\Dell\workspace2.0\HVAC_UN_HILO_ORG\Debug\configPkg\package\cfg\
       release_pem4f.oem4f          1966    987       4308   
    +--+----------------------------+-------+---------+---------+
       Total:                       1966    987       4308   
                                                             
    C:/ti/simplelink_msp432p4_sdk_3_40_01_02/source/ti/devices/msp432p4xx/driverlib/ccs/msp432p4xx_driverlib.lib
       pcm.o                        1770    0         0      
       rtc_c.o                      44      0         0      
       wdt_a.o                      36      0         0      
       cpu.o                        4       0         0      
    +--+----------------------------+-------+---------+---------+
       Total:                       1854    0         0      
                                                             
    C:\Users\Dell\workspace2.0\HVAC_UN_HILO_ORG\Aux_files\src\sysbios\sysbios.aem4f
       BIOS.obj                     7762    0         272    
       m3_Hwi_asm.obj               318     0         0      
       m3_TaskSupport_asm.obj       180     0         0      
       m3_Hwi_asm_switch.obj        118     0         0      
    +--+----------------------------+-------+---------+---------+
       Total:                       8378    0         272    
                                                             
    C:\ti\ccs1200\ccs\tools\compiler\ti-cgt-arm_20.2.6.LTS\lib\rtsv7M4_T_le_v4SPD16_eabi.lib
       _printfi.c.obj               4851    0         0      
       fd_add_t2.asm.obj            438     0         0      
       fd_div_t2.asm.obj            310     0         0      
       s_scalbn.c.obj               272     0         0      
       fd_cmp_t2.asm.obj            268     0         0      
       ctype.c.obj                  0       257       0      
       fd_mul_t2.asm.obj            252     0         0      
       memcpy_t2.asm.obj            156     0         0      
       ull_div_t2.asm.obj           150     0         0      
       memset_t2.asm.obj            122     0         0      
       copy_decompress_lzss.c.obj   104     0         0      
       s_frexp.c.obj                100     0         0      
       sprintf.c.obj                98      0         0      
       _ltoa.c.obj                  84      0         0      
       atoi.c.obj                   76      0         0      
       cpy_tbl.c.obj                76      0         0      
       fd_toi_t2.asm.obj            72      0         0      
       fs_tod_t2.asm.obj            56      0         0      
       i_tofd_t2.asm.obj            46      0         0      
       _lock.c.obj                  26      0         16     
       memccpy.c.obj                28      0         0      
       s_copysign.c.obj             26      0         0      
       args_main.c.obj              24      0         0      
       strchr.c.obj                 22      0         0      
       strlen.c.obj                 20      0         0      
       wcslen.c.obj                 18      0         0      
       copy_decompress_none.c.obj   14      0         0      
       copy_zero_init.c.obj         12      0         0      
       stkdepth_vars.c.obj          0       0         8      
       div0.asm.obj                 2       0         0      
    +--+----------------------------+-------+---------+---------+
       Total:                       7723    257       24     
                                                             
    C:\ti\simplelink_msp432p4_sdk_3_40_01_02\kernel\tirtos\packages\ti\targets\arm\rtsarm\lib\auto_init.aem4f
       auto_init.oem4f              160     0         0      
    +--+----------------------------+-------+---------+---------+
       Total:                       160     0         0      
                                                             
    C:\ti\simplelink_msp432p4_sdk_3_40_01_02\kernel\tirtos\packages\ti\targets\arm\rtsarm\lib\boot.aem4f
       boot.oem4f                   88      0         0      
    +--+----------------------------+-------+---------+---------+
       Total:                       88      0         0      
                                                             
       Stack:                       0       0         2048   
       Linker Generated:            0       476       0      
    +--+----------------------------+-------+---------+---------+
       Grand Total:                 24533   1812      7860   


LINKER GENERATED COPY TABLES

__TI_cinit_table @ 00006810 records: 3, size/record: 8, table size: 24
	.data: load addr=00006648, load size=000001a8 bytes, run addr=200005e4, run size=0000048f bytes, compression=lzss
	.bss: load addr=00006800, load size=00000008 bytes, run addr=20000140, run size=000004a3 bytes, compression=zero_init
	.vtable: load addr=00006808, load size=00000008 bytes, run addr=20001000, run size=000000e8 bytes, compression=zero_init


LINKER GENERATED HANDLER TABLE

__TI_handler_table @ 000067f0 records: 3, size/record: 4, table size: 12
	index: 0, handler: __TI_zero_init
	index: 1, handler: __TI_decompress_lzss
	index: 2, handler: __TI_decompress_none


GLOBAL SYMBOLS: SORTED ALPHABETICALLY BY Name 

address   name                                                            
-------   ----                                                            
200009e1  ACT_STATE_P1                                                    
200009e2  ACT_STATE_P2                                                    
00005725  ADC_ConfigurePinChannel                                         
00004c29  ADC_Initialize                                                  
00005aa1  ADC_SetConvertionMode                                           
00005885  ADC_SetEndOfSequenceChannel                                     
00005d85  ADC_is_busy                                                     
000058a1  ADC_result                                                      
00005ab9  ADC_trigger                                                     
00006514  BRFX                                                            
00006520  BRS                                                             
0000652c  BRX                                                             
00003051  Button_SYS                                                      
00001a13  CPU_wfi                                                         
200009d8  Delay_Per1                                                      
200005c0  Delay_Per2                                                      
00004e01  Delay_ms                                                        
00004f05  GPIO_getInputPinValue                                           
00002dc9  GPIO_init_board                                                 
00004c65  GPIO_interruptEdgeSelect                                        
000022bd  GPIO_setBitIO                                                   
000033dd  GPIO_setOutput                                                  
00004000  HEAPSIZE                                                        
000030e9  HVAC_ActualizarEntradas                                         
00004d1d  HVAC_InicialiceADC                                              
00002a29  HVAC_InicialiceIO                                               
00006053  HVAC_InicialiceUART                                             
00000a91  HVAC_PrintState                                                 
00005541  HVAC_Thread                                                     
00002791  INT_SWI                                                         
00003945  Int_enableInterrupt                                             
000040d1  Int_registerInterrupt                                           
00005745  LIGHT_ON                                                        
200005dc  Lumin1                                                          
200005dd  Lumin2                                                          
200005de  Lumin3                                                          
00004071  PCM_getCoreVoltageLevel                                         
0000424d  PCM_getPowerMode                                                
00005c79  PCM_getPowerState                                               
00005451  PCM_gotoLPM0                                                    
000037b1  PCM_gotoLPM3                                                    
00005d95  PCM_gotoLPM4                                                    
00005da5  PCM_setPowerMode                                                
00005db5  PCM_setPowerState                                               
00004461  PCM_shutdownDevice                                              
200005df  PREV_STATE_P1                                                   
200005e0  PREV_STATE_P2                                                   
200009df  Per_UD_1                                                        
200009e0  Per_UD_2                                                        
200005c4  Pot_1                                                           
200005c8  Pot_2                                                           
200009e4  Pot_3                                                           
00000a8f  Power_idleFunc                                                  
00005295  RTC_C_holdClock                                                 
UNDEFED   SHT$$INIT_ARRAY$$Base                                           
UNDEFED   SHT$$INIT_ARRAY$$Limit                                          
00001c6d  Sys_ON                                                          
00002af5  SystemInit                                                      
000058bd  System_InicialiceTIMER                                          
00003d51  System_Inicio                                                   
00005f29  T32_ClearInterruptFlag1                                         
0000558d  T32_Configure1                                                  
00005f35  T32_EnableInterrupt1                                            
00005f41  T32_EnableTimer1                                                
00005ed9  T32_Init1                                                       
00005c8d  T32_SetLoadValue1                                               
00005ca1  Timer32_INT1                                                    
00005ad1  UART_B_char_IE                                                  
00005ae9  UART_E_char_IE                                                  
000042a9  UART_clck_source                                                
00005b01  UART_data_bits                                                  
00005c09  UART_den                                                        
00005c1f  UART_en                                                         
00003c15  UART_init                                                       
00005b19  UART_mode                                                       
000055b1  UART_putsf                                                      
00004e35  UART_sendByte                                                   
00004301  UART_set_baud_rate                                              
00004f35  UART_set_location_pin                                           
00005b31  UART_set_oversampling                                           
00004e69  UART_set_parity                                                 
00005b49  UART_set_stop_bits                                              
00005b61  UART_set_transmision_dir                                        
4000480c  WDTCTL_SYM                                                      
000055d5  WDT_A_holdTimer                                                 
00000000  __ASM__                                                         
00000064  __ISA__                                                         
00000077  __PLAT__                                                        
20010000  __STACK_END                                                     
00000400  __STACK_SIZE                                                    
0000009a  __TARG__                                                        
00006810  __TI_CINIT_Base                                                 
00006828  __TI_CINIT_Limit                                                
000067f0  __TI_Handler_Table_Base                                         
000067fc  __TI_Handler_Table_Limit                                        
00002f15  __TI_auto_init                                                  
00003c7d  __TI_decompress_lzss                                            
00005ee7  __TI_decompress_none                                            
000044b5  __TI_ltoa                                                       
ffffffff  __TI_pprof_out_hndl                                             
00000041  __TI_printfi                                                    
ffffffff  __TI_prof_data_size                                             
ffffffff  __TI_prof_data_start                                            
00006648  __TI_static_base__                                              
00005f65  __TI_zero_init                                                  
000000c0  __TRDR__                                                        
0000361d  __aeabi_cdcmpeq                                                 
0000361d  __aeabi_cdcmple                                                 
000036a3  __aeabi_cdrcmple                                                
00004875  __aeabi_d2iz                                                    
00001497  __aeabi_dadd                                                    
000018dd  __aeabi_ddiv                                                    
000023b9  __aeabi_dmul                                                    
0000148d  __aeabi_dsub                                                    
000060f9  __aeabi_errno_addr                                              
00004d57  __aeabi_f2d                                                     
00005267  __aeabi_i2d                                                     
00001643  __aeabi_idiv0                                                   
00001643  __aeabi_ldiv0                                                   
00003a49  __aeabi_memclr                                                  
00003a49  __aeabi_memclr4                                                 
00003a49  __aeabi_memclr8                                                 
00002fb5  __aeabi_memcpy                                                  
00002fb5  __aeabi_memcpy4                                                 
00002fb5  __aeabi_memcpy8                                                 
00003a4b  __aeabi_memset                                                  
00003a4b  __aeabi_memset4                                                 
00003a4b  __aeabi_memset8                                                 
00003181  __aeabi_uldivmod                                                
ffffffff  __binit__                                                       
ffffffff  __c_args__                                                      
200050e8  __primary_heap_end__                                            
200010e8  __primary_heap_start__                                          
2000fc00  __stack                                                         
20000000  __start___llvm_prf_cnts                                         
20000000  __stop___llvm_prf_cnts                                          
00005b79  _args_main                                                      
00004359  _c_int00                                                        
0000614c  _ctypes_                                                        
20000a04  _lock                                                           
0000104b  _nop                                                            
000052c1  _pthread_cleanupFxn                                             
00005d31  _pthread_cleanup_pop                                            
00003219  _pthread_removeThreadKeys                                       
00005f4d  _register_lock                                                  
00005f59  _register_unlock                                                
20000a08  _unlock                                                         
00004601  atoi                                                            
ffffffff  binit                                                           
0000464d  copy_in                                                         
00005a55  copysign                                                        
00005a55  copysignl                                                       
200009dc  event                                                           
00003db5  frexp                                                           
00003db5  frexpl                                                          
20001000  g_pfnRAMVectoring                                               
200005cc  i                                                               
200005d0  j                                                               
200005d4  k                                                               
00001d8d  ldexp                                                           
00001d8d  ldexpl                                                          
200009dd  light_flag                                                      
200009de  light_turn                                                      
00003e19  main                                                            
20000a54  main_func_sp                                                    
000058d9  memccpy                                                         
00002fb5  memcpy                                                          
00003a51  memset                                                          
000055f9  pthread_attr_init                                               
00005ef9  pthread_attr_setdetachstate                                     
00005cb9  pthread_attr_setschedparam                                      
00006061  pthread_attr_setstacksize                                       
000025b1  pthread_create                                                  
00003e81  pthread_exit                                                    
00005f71  pthread_self                                                    
00005239  pthread_setcancelstate                                          
20000a72  retraso                                                         
00001d8d  scalbn                                                          
00001d8d  scalbnl                                                         
00004a25  sprintf                                                         
20000480  state                                                           
200004c0  state2                                                          
20000500  state3                                                          
20000540  state4                                                          
20000580  state5                                                          
00005c35  strchr                                                          
00005ccd  strlen                                                          
200005e1  sys_flag                                                        
200005e2  sys_turn                                                        
20000924  ti_sysbios_BIOS_Module__state__V                                
00005f7d  ti_sysbios_BIOS_RtsGateProxy_enter__E                           
00005dc5  ti_sysbios_BIOS_RtsGateProxy_leave__E                           
00004f65  ti_sysbios_BIOS_atExitFunc__I                                   
00005c4b  ti_sysbios_BIOS_exitFunc__I                                     
00005dd9  ti_sysbios_BIOS_exit__E                                         
[...]
00005cf5  ti_sysbios_hal_Hwi_getStackInfo__E                              
00005d1d  xdc_runtime_Memory_HeapProxy_free__E                            
00005d31  _pthread_cleanup_pop                                            
00005d61  ti_sysbios_hal_Hwi_Module_startup__E                            
00005d73  wcslen                                                          
00005d85  ADC_is_busy                                                     
00005d95  PCM_gotoLPM4                                                    
00005da5  PCM_setPowerMode                                                
00005db5  PCM_setPowerState                                               
00005dc5  ti_sysbios_BIOS_RtsGateProxy_leave__E                           
00005dd9  ti_sysbios_BIOS_exit__E                                         
00005de9  ti_sysbios_BIOS_setThreadType__E                                
00005df9  ti_sysbios_BIOS_start__E                                        
00005e09  ti_sysbios_family_arm_m3_TaskSupport_glue                       
00005e19  ti_sysbios_family_arm_msp432_init_Boot_disableWatchdog          
00005e29  ti_sysbios_gates_GateMutex_Instance_finalize__E                 
00005e39  ti_sysbios_heaps_HeapMem_Module_GateProxy_leave__E              
00005e49  ti_sysbios_knl_Semaphore_Instance_finalize__E                   
00005e59  ti_sysbios_knl_Swi_disable__E                                   
00005e69  ti_sysbios_knl_Task_SupportProxy_swap__E                        
00005e79  ti_sysbios_knl_Task_disable__E                                  
00005e89  xdc_runtime_Gate_leaveSystem__E                                 
00005e99  xdc_runtime_Memory_free__E                                      
00005ea9  xdc_runtime_SysCallback_abort__E                                
00005eb9  xdc_runtime_SysCallback_exit__E                                 
00005ec9  xdc_runtime_System_Module_GateProxy_leave__E                    
00005ed9  T32_Init1                                                       
00005ee7  __TI_decompress_none                                            
00005ef9  pthread_attr_setdetachstate                                     
00005f09  ti_sysbios_knl_Idle_loop__E                                     
00005f19  ti_sysbios_knl_Queue_empty__E                                   
00005f29  T32_ClearInterruptFlag1                                         
00005f35  T32_EnableInterrupt1                                            
00005f41  T32_EnableTimer1                                                
00005f4d  _register_lock                                                  
00005f59  _register_unlock                                                
00005f65  __TI_zero_init                                                  
00005f71  pthread_self                                                    
00005f7d  ti_sysbios_BIOS_RtsGateProxy_enter__E                           
00005f89  ti_sysbios_family_arm_m3_TaskSupport_getStackAlignment__E       
00005f99  ti_sysbios_family_arm_msp432_Timer_getMaxTicks__E               
00005fa9  ti_sysbios_gates_GateHwi_enter__E                               
00005fb5  ti_sysbios_heaps_HeapMem_Module_GateProxy_enter__E              
00005fc1  ti_sysbios_heaps_HeapMem_Module_GateProxy_query__E              
00005fcd  ti_sysbios_knl_Clock_TimerProxy_getMaxTicks__E                  
00005fd9  ti_sysbios_knl_Task_delete                                      
00005fe9  ti_sysbios_knl_Task_self__E                                     
00005ff9  ti_sysbios_rts_ti_ReentSupport_taskRegHook__I                   
00006009  xdc_runtime_Gate_enterSystem__E                                 
00006019  xdc_runtime_Startup_rtsDone__E                                  
00006025  xdc_runtime_System_Module_GateProxy_enter__E                    
00006031  xdc_runtime_System_SupportProxy_abort__E                        
0000603d  xdc_runtime_System_SupportProxy_exit__E                         
00006053  HVAC_InicialiceUART                                             
00006061  pthread_attr_setstacksize                                       
00006069  ti_sysbios_family_arm_m3_Hwi_Module__startupDone__S             
00006071  ti_sysbios_family_arm_m3_Hwi_doSwiRestore__I                    
00006079  ti_sysbios_family_arm_m3_Hwi_startup__E                         
00006081  ti_sysbios_family_arm_msp432_Timer_Module__startupDone__S       
00006089  ti_sysbios_hal_Hwi_HwiProxy_Module__startupDone__S              
00006091  ti_sysbios_hal_Hwi_HwiProxy_startup__E                          
00006091  ti_sysbios_hal_Hwi_startup__E                                   
00006099  ti_sysbios_hal_Hwi_HwiProxy_switchFromBootStack__E              
00006099  ti_sysbios_hal_Hwi_switchFromBootStack__E                       
000060a1  ti_sysbios_knl_Clock_TimerProxy_Module__startupDone__S          
000060a9  ti_sysbios_knl_Task_SupportProxy_Module__startupDone__S         
000060b1  ti_sysbios_knl_Task_SupportProxy_getStackAlignment__E           
000060b9  ti_sysbios_rts_ti_ReentSupport_getReent__E                      
000060c1  xdc_runtime_Startup_reset__I                                    
000060c9  ti_sysbios_family_arm_m3_Hwi_doTaskRestore__I                   
000060d1  ti_sysbios_gates_GateHwi_leave__E                               
000060d9  ti_sysbios_heaps_HeapMem_isBlocking__E                          
000060e1  ti_sysbios_knl_Queue_Instance_init__E                           
000060e9  ti_sysbios_knl_Swi_startup__E                                   
000060f1  xdc_runtime_System_Module_startup__E                            
000060f9  __aeabi_errno_addr                                              
00006101  ti_sysbios_gates_GateHwi_query__E                               
00006109  ti_sysbios_gates_GateMutex_query__E                             
00006111  ti_sysbios_knl_Task_startup__E                                  
00006119  ti_sysbios_BIOS_linkedWithIncorrectBootLibrary__E               
00006121  ti_sysbios_gates_GateHwi_Instance_init__E                       
00006129  ti_sysbios_knl_Clock_logTick__E                                 
00006131  xdc_runtime_SysCallback_defaultAbort                            
00006139  xdc_runtime_SysCallback_defaultExit                             
00006141  xdc_runtime_System_abortSpin__E                                 
00006149  xdc_runtime_System_exitSpin__E                                  
0000614c  _ctypes_                                                        
0000624d  xdc_runtime_Error_policy__C                                     
0000624e  ti_sysbios_family_arm_msp432_init_Boot_bypassHFXT__C            
00006298  ti_sysbios_knl_Task_Object__PARAMS__C                           
00006304  ti_sysbios_heaps_HeapMem_Module__FXNS__C                        
0000632c  ti_sysbios_gates_GateHwi_Module__FXNS__C                        
00006350  ti_sysbios_gates_GateMutex_Module__FXNS__C                      
00006374  ti_sysbios_heaps_HeapMem_Object__PARAMS__C                      
00006398  ti_sysbios_knl_Semaphore_Object__PARAMS__C                      
000063bc  xdc_runtime_Startup_sfxnTab__A                                  
000063e0  ti_sysbios_gates_GateHwi_Object__DESC__C                        
00006400  ti_sysbios_gates_GateMutex_Object__DESC__C                      
00006420  ti_sysbios_heaps_HeapMem_Object__DESC__C                        
00006440  ti_sysbios_knl_Queue_Object__DESC__C                            
00006460  ti_sysbios_knl_Semaphore_Object__DESC__C                        
00006480  ti_sysbios_knl_Task_Object__DESC__C                             
000064a0  ti_sysbios_gates_GateHwi_Object__PARAMS__C                      
000064b8  ti_sysbios_gates_GateMutex_Object__PARAMS__C                    
000064d0  ti_sysbios_knl_Queue_Object__PARAMS__C                          
000064e8  ti_sysbios_knl_Task_hooks__A                                    
00006500  xdc_runtime_Startup_sfxnRts__A                                  
00006512  ti_sysbios_family_arm_msp432_init_Boot_bypassLFXT__C            
00006514  BRFX                                                            
00006520  BRS                                                             
0000652c  BRX                                                             
00006538  xdc_runtime_Startup_firstFxns__A                                
0000654c  ti_sysbios_knl_Idle_funcList__A                                 
00006554  ti_sysbios_knl_Idle_funcList__C                                 
0000655c  ti_sysbios_knl_Task_hooks__C                                    
00006564  xdc_runtime_Startup_firstFxns__C                                
0000656c  xdc_runtime_Startup_lastFxns__C                                 
00006574  ti_sysbios_family_arm_m3_Hwi_NUM_INTERRUPTS__C                  
00006578  ti_sysbios_family_arm_m3_Hwi_Object__count__C                   
0000657c  ti_sysbios_family_arm_m3_Hwi_Object__table__C                   
00006580  ti_sysbios_family_arm_m3_Hwi_ccr__C                             
00006584  ti_sysbios_family_arm_m3_Hwi_excHandlerFunc__C                  
00006588  ti_sysbios_family_arm_m3_Hwi_nullIsrFunc__C                     
0000658c  ti_sysbios_family_arm_m3_Hwi_priGroup__C                        
00006590  ti_sysbios_family_arm_m3_TaskSupport_stackAlignment__C          
00006594  ti_sysbios_family_arm_msp432_Timer_numTimerDevices__C           
00006598  ti_sysbios_family_arm_msp432_Timer_startupNeeded__C             
0000659c  ti_sysbios_gates_GateMutex_Instance_State_sem__O                
000065a0  ti_sysbios_heaps_HeapMem_E_memory__C                            
000065a4  ti_sysbios_heaps_HeapMem_Module__gateObj__C                     
000065a8  ti_sysbios_heaps_HeapMem_Object__count__C                       
000065ac  ti_sysbios_heaps_HeapMem_Object__table__C                       
000065b0  ti_sysbios_heaps_HeapMem_primaryHeapBaseAddr__C                 
000065b4  ti_sysbios_heaps_HeapMem_primaryHeapEndAddr__C                  
000065b8  ti_sysbios_heaps_HeapMem_reqAlign__C                            
000065bc  ti_sysbios_knl_Clock_Module_State_clockQ__O                     
000065c0  ti_sysbios_knl_Mailbox_Instance_State_freeQue__O                
000065c4  ti_sysbios_knl_Mailbox_Object__count__C                         
000065c8  ti_sysbios_knl_Mailbox_maxTypeAlign__C                          
000065cc  ti_sysbios_knl_Semaphore_Instance_State_pendQ__O                
000065d0  ti_sysbios_knl_Swi_Object__count__C                             
000065d4  ti_sysbios_knl_Swi_Object__table__C                             
000065d8  ti_sysbios_knl_Task_Module_State_inactiveQ__O                   
000065dc  ti_sysbios_knl_Task_Object__count__C                            
000065e0  ti_sysbios_knl_Task_Object__heap__C                             
000065e4  ti_sysbios_knl_Task_Object__table__C                            
000065e8  ti_sysbios_knl_Task_allBlockedFunc__C                           
000065ec  ti_sysbios_knl_Task_defaultStackHeap__C                         
000065f0  ti_sysbios_knl_Task_defaultStackSize__C                         
000065f4  ti_sysbios_knl_Task_numConstructedTasks__C                      
000065f8  xdc_runtime_Error_E_memory__C                                   
000065fc  xdc_runtime_Error_policyFxn__C                                  
00006600  xdc_runtime_IGateProvider_Interface__BASE__C                    
00006604  xdc_runtime_IHeap_Interface__BASE__C                            
00006608  xdc_runtime_IModule_Interface__BASE__C                          
0000660c  xdc_runtime_Memory_defaultHeapInstance__C                       
00006610  xdc_runtime_Startup_execImpl__C                                 
00006614  xdc_runtime_Startup_maxPasses__C                                
00006618  xdc_runtime_Startup_sfxnRts__C                                  
0000661c  xdc_runtime_Startup_sfxnTab__C                                  
00006620  xdc_runtime_Startup_startModsFxn__C                             
00006624  xdc_runtime_SysCallback_abortFxn__C                             
00006628  xdc_runtime_SysCallback_exitFxn__C                              
0000662c  xdc_runtime_System_Module__gateObj__C                           
00006630  xdc_runtime_System_abortFxn__C                                  
00006634  xdc_runtime_System_exitFxn__C                                   
00006638  xdc_runtime_System_maxAtexitHandlers__C                         
0000663c  xdc_runtime_Text_nameUnknown__C                                 
00006640  ti_sysbios_family_arm_msp432_init_Boot_enableHFXT__C            
00006642  ti_sysbios_family_arm_msp432_init_Boot_enableLFXT__C            
00006644  ti_sysbios_heaps_HeapMem_Module__id__C                          
00006646  xdc_runtime_Memory_Module__id__C                                
00006648  __TI_static_base__                                              
000067f0  __TI_Handler_Table_Base                                         
000067fc  __TI_Handler_Table_Limit                                        
00006810  __TI_CINIT_Base                                                 
00006828  __TI_CINIT_Limit                                                
20000000  __start___llvm_prf_cnts                                         
20000000  __stop___llvm_prf_cnts                                          
20000000  ti_sysbios_family_arm_m3_Hwi_ramVectors                         
20000140  ti_sysbios_knl_Task_Instance_State_0_stack__A                   
20000340  ti_sysbios_family_arm_m3_Hwi_dispatchTable                      
20000480  state                                                           
200004c0  state2                                                          
20000500  state3                                                          
20000540  state4                                                          
20000580  state5                                                          
200005c0  Delay_Per2                                                      
200005c4  Pot_1                                                           
200005c8  Pot_2                                                           
200005cc  i                                                               
200005d0  j                                                               
200005d4  k                                                               
200005d8  ti_sysbios_knl_Task_Instance_State_0_hookEnv__A                 
200005dc  Lumin1                                                          
200005dd  Lumin2                                                          
200005de  Lumin3                                                          
200005df  PREV_STATE_P1                                                   
200005e0  PREV_STATE_P2                                                   
200005e1  sys_flag                                                        
200005e2  sys_turn                                                        
2000066c  ti_sysbios_knl_Swi_Module_State_0_readyQ__A                     
200006ec  ti_sysbios_knl_Task_Module_State_0_readyQ__A                    
2000076c  ti_sysbios_gates_GateMutex_Object__table__V                     
200007c0  ti_sysbios_knl_Task_Object__table__V                            
2000080c  ti_sysbios_family_arm_msp432_Timer_Object__table__V             
20000850  ti_sysbios_knl_Task_Module__state__V                            
20000894  ti_sysbios_family_arm_m3_Hwi_Module__state__V                   
200008c8  ti_sysbios_knl_Swi_Object__table__V                             
200008f8  ti_sysbios_knl_Clock_Module__state__V                           
20000924  ti_sysbios_BIOS_Module__state__V                                
20000948  ti_sysbios_family_arm_msp432_Timer_Module_State_0_device__A     
20000968  xdc_runtime_Error_IgnoreBlock                                   
20000988  ti_sysbios_knl_Swi_Module__state__V                             
200009a4  ti_sysbios_family_arm_m3_Hwi_Object__table__V                   
200009bc  ti_sysbios_heaps_HeapMem_Object__table__V                       
200009d8  Delay_Per1                                                      
200009dc  event                                                           
200009dd  light_flag                                                      
200009de  light_turn                                                      
200009df  Per_UD_1                                                        
200009e0  Per_UD_2                                                        
200009e1  ACT_STATE_P1                                                    
200009e2  ACT_STATE_P2                                                    
200009e4  Pot_3                                                           
200009e8  ti_sysbios_family_arm_msp432_Timer_Module_State_0_handles__A    
200009f8  ti_sysbios_family_arm_msp432_Timer_Module__state__V             
20000a04  _lock                                                           
20000a08  _unlock                                                         
20000a0c  ti_sysbios_gates_GateHwi_Module__root__V                        
20000a14  ti_sysbios_gates_GateMutex_Module__root__V                      
20000a1c  ti_sysbios_heaps_HeapMem_Module__root__V                        
20000a24  ti_sysbios_knl_Queue_Module__root__V                            
20000a2c  ti_sysbios_knl_Semaphore_Module__root__V                        
20000a34  ti_sysbios_knl_Task_Module__root__V                             
20000a3c  xdc_runtime_Startup_Module__state__V                            
20000a44  xdc_runtime_System_Module_State_0_atexitHandlers__A             
20000a4c  xdc_runtime_System_Module__state__V                             
20000a54  main_func_sp                                                    
20000a58  ti_sysbios_family_arm_m3_Hwi_Module_State_0_excContext__A       
20000a5c  ti_sysbios_family_arm_m3_Hwi_Module_State_0_excStack__A         
20000a60  ti_sysbios_gates_GateHwi_Object__table__V                       
20000a64  ti_sysbios_knl_Task_Module_State_0_idleTask__A                  
20000a68  ti_sysbios_rts_ti_ReentSupport_Module__state__V                 
20000a6c  xdc_runtime_Memory_Module__state__V                             
20000a70  ti_sysbios_family_arm_m3_Hwi_Module_State_0_excActive__A        
20000a72  retraso                                                         
20001000  g_pfnRAMVectoring                                               
200010e8  __primary_heap_start__                                          
200050e8  __primary_heap_end__                                            
2000fc00  __stack                                                         
20010000  __STACK_END                                                     
4000480c  WDTCTL_SYM                                                      
e000e000  ti_sysbios_family_arm_m3_Hwi_nvic                               
ffffffff  __TI_pprof_out_hndl                                             
ffffffff  __TI_prof_data_size                                             
ffffffff  __TI_prof_data_start                                            
ffffffff  __binit__                                                       
ffffffff  __c_args__                                                      
ffffffff  binit                                                           
UNDEFED   SHT$$INIT_ARRAY$$Base                                           
UNDEFED   SHT$$INIT_ARRAY$$Limit                                          

[507 symbols]
