******************************************************************************
                  TI ARM Linker PC v20.2.7                     
******************************************************************************
>> Linked Sat Nov 12 12:49:32 2022

OUTPUT FILE NAME:   <LAB3_U2_Equipo_8.out>
ENTRY POINT SYMBOL: "_c_int00"  address: 00004389


MEMORY CONFIGURATION

         name            origin    length      used     unused   attr    fill
----------------------  --------  ---------  --------  --------  ----  --------
  MAIN                  00000000   00040000  00006832  000397ce  R  X
  INFO                  00200000   00004000  00000000  00004000  R  X
  SRAM_CODE             01000000   00010000  00004f54  0000b0ac  RW X
  SRAM_DATA             20000000   00010000  00004f54  0000b0ac  RW  


SEGMENT ALLOCATION MAP

run origin  load origin   length   init length attrs members
----------  ----------- ---------- ----------- ----- -------
00000000    00000000    00006838   00006838    r-x
  00000000    00000000    0000003c   0000003c    r-- .resetVecs
  00000040    00000040    0000611a   0000611a    r-x .text
  0000615c    0000615c    000004fc   000004fc    r-- .const
  00006658    00006658    000001e0   000001e0    r-- .cinit
20000140    20000140    0000092d   00000000    rw-
  20000140    20000140    0000049f   00000000    rw- .bss
  200005e0    200005e0    0000048d   00000000    rw- .data
20001000    20001000    000000e8   00000000    rw-
  20001000    20001000    000000e8   00000000    rw- .vtable
200010e8    200010e8    00004000   00000000    r--
  200010e8    200010e8    00004000   00000000    r-- .priheap
2000fc00    2000fc00    00000400   00000000    rw-
  2000fc00    2000fc00    00000400   00000000    rw- .stack


SECTION ALLOCATION MAP

 output                                  attributes/
section   page    origin      length       input sections
--------  ----  ----------  ----------   ----------------
.text      0    00000040    0000611a     
                  00000040    00000a4e     rtsv7M4_T_le_v4SPD16_eabi.lib : _printfi.c.obj (.text:__TI_printfi)
                  00000a8e    0000028a     msp432p4xx_driverlib.lib : pcm.o (.text:__PCM_setPowerStateAdvanced)
                  00000d18    00000270     rtsv7M4_T_le_v4SPD16_eabi.lib : _printfi.c.obj (.text:_pconv_a)
                  00000f88    000001d0                                   : _printfi.c.obj (.text:_pconv_g)
                  00001158    000001b6                                   : fd_add_t2.asm.obj (.text)
                  0000130e    00000002     system_msp432p401r.obj (.text:Power_idleFunc)
                  00001310    00000170     HVAC_IO.obj (.text:PERSIANAS)
                  00001480    0000015c     msp432p4xx_driverlib.lib : pcm.o (.text:__PCM_setPowerModeAdvanced)
                  000015dc    00000150     HVAC_IO.obj (.text:LIGHTS)
                  0000172c    0000013c     rtsv7M4_T_le_v4SPD16_eabi.lib : _printfi.c.obj (.text:_pconv_e)
                  00001868    00000136                                   : fd_div_t2.asm.obj (.text)
                  0000199e    00000002                                   : _lock.c.obj (.text:_nop)
                  000019a0    00000130     sysbios.aem4f : BIOS.obj (.text:ti_sysbios_knl_Semaphore_pend__E)
                  00001ad0    00000128     HVAC_IO.obj (.text:Sys_ON)
                  00001bf8    00000124     rtsv7M4_T_le_v4SPD16_eabi.lib : _printfi.c.obj (.text:fcvt)
                  00001d1c    00000110                                   : s_scalbn.c.obj (.text:scalbn)
                  00001e2c    00000108     msp432p4xx_driverlib.lib : pcm.o (.text:__PCM_setCoreVoltageLevelAdvanced)
                  00001f34    00000004                              : cpu.o (.text:CPU_wfi)
                  00001f38    00000108     sysbios.aem4f : BIOS.obj (.text:ti_sysbios_knl_Task_postInit__I)
                  00002040    00000108                   : BIOS.obj (.text:xdc_runtime_Startup_startMods__I)
                  00002148    00000104                   : BIOS.obj (.text:ti_sysbios_knl_Task_Instance_finalize__E)
                  0000224c    000000fc     GPIO_MSP432.obj (.text:GPIO_setBitIO)
                  00002348    000000fc     rtsv7M4_T_le_v4SPD16_eabi.lib : fd_mul_t2.asm.obj (.text)
                  00002444    00000004     release_pem4f.oem4f (.text:ti_sysbios_family_arm_m3_TaskSupport_Module__startupDone__S)
                  00002448    000000f8     sysbios.aem4f : BIOS.obj (.text:ti_sysbios_family_arm_msp432_init_Boot_configureClocksHigh)
                  00002540    000000f0                   : BIOS.obj (.text:pthread_create)
                  00002630    000000f0                   : m3_Hwi_asm.obj (.text:ti_sysbios_family_arm_m3_Hwi_dispatch__I)
                  00002720    000000e4     HVAC_IO.obj (.text:INT_SWI)
                  00002804    00000002     rtsv7M4_T_le_v4SPD16_eabi.lib : div0.asm.obj (.text)
                  00002806    00000002     release_pem4f.oem4f (.text:ti_sysbios_BIOS_nullFunc__I)
                  00002808    000000e0     sysbios.aem4f : BIOS.obj (.text:ti_sysbios_knl_Task_Instance_init__E)
                  000028e8    000000d0                   : BIOS.obj (.text:ti_sysbios_heaps_HeapMem_alloc__E)
                  000029b8    000000cc     HVAC_IO.obj (.text:HVAC_InicialiceIO)
                  00002a84    000000c8     system_msp432p401r.obj (.text:SystemInit)
                  00002b4c    000000b1     rtsv7M4_T_le_v4SPD16_eabi.lib : _printfi.c.obj (.text:_ltostr)
                  00002bfd    00000003     --HOLE-- [fill = 0]
                  00002c00    000000b0     HVAC_IO.obj (.text:Button_SYS)
                  00002cb0    000000aa     sysbios.aem4f : BIOS.obj (.text:xdc_runtime_Core_createObject__I)
                  00002d5a    00000006     --HOLE-- [fill = 0]
                  00002d60    000000a8                   : BIOS.obj (.text:ti_sysbios_family_arm_msp432_Timer_periodicStub__E)
                  00002e08    000000a4     GPIO_MSP432.obj (.text:GPIO_init_board)
                  00002eac    00000004     --HOLE-- [fill = 0]
                  00002eb0    000000a4     sysbios.aem4f : BIOS.obj (.text:ti_sysbios_knl_Task_setPri__E)
                  00002f54    000000a0     auto_init.aem4f : auto_init.oem4f (.text)
                  00002ff4    0000009c     rtsv7M4_T_le_v4SPD16_eabi.lib : memcpy_t2.asm.obj (.text)
                  00003090    00000098     HVAC_IO.obj (.text:HVAC_ActualizarEntradas)
                  00003128    00000096     rtsv7M4_T_le_v4SPD16_eabi.lib : ull_div_t2.asm.obj (.text)
                  000031be    00000002     --HOLE-- [fill = 0]
                  000031c0    00000094     sysbios.aem4f : BIOS.obj (.text:_pthread_removeThreadKeys)
                  00003254    00000004     --HOLE-- [fill = 0]
                  00003258    00000094                   : BIOS.obj (.text:ti_sysbios_family_arm_m3_Hwi_initNVIC__E)
                  000032ec    00000004     --HOLE-- [fill = 0]
                  000032f0    00000094                   : BIOS.obj (.text:ti_sysbios_knl_Task_exit__E)
                  00003384    00000090     GPIO_MSP432.obj (.text:GPIO_setOutput)
                  00003414    00000004     --HOLE-- [fill = 0]
                  00003418    00000090     sysbios.aem4f : BIOS.obj (.text:ti_sysbios_knl_Task_Module_startup__E)
                  000034a8    0000008c                   : m3_TaskSupport_asm.obj (.text:ti_sysbios_family_arm_m3_TaskSupport_buildTaskStack)
                  00003534    00000004     --HOLE-- [fill = 0]
                  00003538    0000008c                   : BIOS.obj (.text:xdc_runtime_Memory_alloc__E)
                  000035c4    00000088     HVAC_IO.obj (.text:HVAC_PrintState)
                  0000364c    00000086     rtsv7M4_T_le_v4SPD16_eabi.lib : fd_cmp_t2.asm.obj (.text:__aeabi_cdcmple)
                  000036d2    00000086                                   : fd_cmp_t2.asm.obj (.text:__aeabi_cdrcmple)
                  00003758    00000086     sysbios.aem4f : BIOS.obj (.text:xdc_runtime_Core_constructObject__I)
                  000037de    00000002     --HOLE-- [fill = 0]
                  000037e0    00000084     msp432p4xx_driverlib.lib : pcm.o (.text:PCM_gotoLPM3)
                  00003864    00000004     --HOLE-- [fill = 0]
                  00003868    00000084     sysbios.aem4f : BIOS.obj (.text:ti_sysbios_family_arm_m3_Hwi_postInit__I)
                  000038ec    00000004     --HOLE-- [fill = 0]
                  000038f0    00000084                   : BIOS.obj (.text:ti_sysbios_heaps_HeapMem_free__E)
                  00003974    00000080     INT_MSP432.obj (.text:Int_enableInterrupt)
                  000039f4    00000004     --HOLE-- [fill = 0]
                  000039f8    00000080     sysbios.aem4f : BIOS.obj (.text:ti_sysbios_knl_Clock_workFunc__E)
                  00003a78    0000007a     rtsv7M4_T_le_v4SPD16_eabi.lib : memset_t2.asm.obj (.text)
                  00003af2    00000006     --HOLE-- [fill = 0]
                  00003af8    00000070     sysbios.aem4f : BIOS.obj (.text:ti_sysbios_heaps_HeapMem_initPrimary__I)
                  00003b68    0000006e     rtsv7M4_T_le_v4SPD16_eabi.lib : _printfi.c.obj (.text:_mcpy)
                  00003bd6    00000002     --HOLE-- [fill = 0]
                  00003bd8    0000006c     sysbios.aem4f : BIOS.obj (.text:ti_sysbios_knl_Swi_restoreHwi__E)
                  00003c44    00000068     UART_MSP432.obj (.text:UART_init)
                  00003cac    00000068     rtsv7M4_T_le_v4SPD16_eabi.lib : copy_decompress_lzss.c.obj (.text:decompress:lzss:__TI_decompress_lzss)
                  00003d14    00000004     --HOLE-- [fill = 0]
                  00003d18    00000066     sysbios.aem4f : BIOS.obj (.text:xdc_runtime_Core_deleteObject__I)
                  00003d7e    00000002     --HOLE-- [fill = 0]
                  00003d80    00000064     HVAC_IO.obj (.text:System_Inicio)
                  00003de4    00000064     rtsv7M4_T_le_v4SPD16_eabi.lib : s_frexp.c.obj (.text:frexp)
                  00003e48    00000064     Threads.obj (.text:main)
                  00003eac    00000004     --HOLE-- [fill = 0]
                  00003eb0    00000064     sysbios.aem4f : BIOS.obj (.text:pthread_exit)
                  00003f14    00000004     --HOLE-- [fill = 0]
                  00003f18    00000064                   : BIOS.obj (.text:ti_sysbios_family_arm_m3_Hwi_dispatchC__I)
                  00003f7c    00000004     --HOLE-- [fill = 0]
                  00003f80    00000060                   : BIOS.obj (.text:ti_sysbios_knl_Semaphore_post__E)
                  00003fe0    00000060                   : BIOS.obj (.text:ti_sysbios_knl_Swi_run__I)
                  00004040    00000060     release_pem4f.oem4f (.text:ti_sysbios_knl_Task_create)
                  000040a0    0000005e     msp432p4xx_driverlib.lib : pcm.o (.text:PCM_getCoreVoltageLevel)
                  000040fe    00000002     --HOLE-- [fill = 0]
                  00004100    0000005c     INT_MSP432.obj (.text:Int_registerInterrupt)
                  0000415c    00000004     --HOLE-- [fill = 0]
                  00004160    0000005c     sysbios.aem4f : BIOS.obj (.text:ti_sysbios_knl_Swi_schedule__I)
                  000041bc    00000004     --HOLE-- [fill = 0]
                  000041c0    0000005c                   : BIOS.obj (.text:ti_sysbios_knl_Task_startCore__E)
                  0000421c    00000004     --HOLE-- [fill = 0]
                  00004220    0000005c                   : BIOS.obj (.text:xdc_runtime_Startup_exec__E)
                  0000427c    0000005a     msp432p4xx_driverlib.lib : pcm.o (.text:PCM_getPowerMode)
                  000042d6    00000002     --HOLE-- [fill = 0]
                  000042d8    00000058     UART_MSP432.obj (.text:UART_clck_source)
                  00004330    00000058     UART_MSP432.obj (.text:UART_set_baud_rate)
                  00004388    00000058     boot.aem4f : boot.oem4f (.text)
                  000043e0    00000058     sysbios.aem4f : m3_Hwi_asm_switch.obj (.text:ti_sysbios_family_arm_m3_Hwi_initStacks__E)
                  00004438    00000056     rtsv7M4_T_le_v4SPD16_eabi.lib : _printfi.c.obj (.text:_pconv_f)
                  0000448e    00000002     --HOLE-- [fill = 0]
                  00004490    00000054     msp432p4xx_driverlib.lib : pcm.o (.text:PCM_shutdownDevice)
                  000044e4    00000054     rtsv7M4_T_le_v4SPD16_eabi.lib : _ltoa.c.obj (.text:__TI_ltoa)
                  00004538    00000054     sysbios.aem4f : BIOS.obj (.text:ti_sysbios_family_arm_msp432_Timer_initDevice__I)
                  0000458c    00000052     rtsv7M4_T_le_v4SPD16_eabi.lib : _printfi.c.obj (.text:_ecpy)
                  000045de    00000002     --HOLE-- [fill = 0]
                  000045e0    00000050     sysbios.aem4f : BIOS.obj (.text:ti_sysbios_family_arm_m3_Hwi_Module_startup__E)
                  00004630    0000004c     rtsv7M4_T_le_v4SPD16_eabi.lib : atoi.c.obj (.text:atoi)
                  0000467c    0000004c                                   : cpy_tbl.c.obj (.text:copy_in)
                  000046c8    0000004c     sysbios.aem4f : BIOS.obj (.text:ti_sysbios_family_arm_msp432_Timer_postInit__I)
                  00004714    00000004     --HOLE-- [fill = 0]
                  00004718    0000004c                   : BIOS.obj (.text:ti_sysbios_family_arm_msp432_Timer_start__E)
                  00004764    00000004     --HOLE-- [fill = 0]
                  00004768    0000004c                   : BIOS.obj (.text:ti_sysbios_heaps_HeapMem_getStats__E)
                  000047b4    00000004     --HOLE-- [fill = 0]
                  000047b8    0000004c                   : BIOS.obj (.text:ti_sysbios_knl_Swi_runLoop__I)
                  00004804    00000004     --HOLE-- [fill = 0]
                  00004808    0000004c                   : BIOS.obj (.text:ti_sysbios_knl_Task_allBlockedFunction__I)
                  00004854    00000004     --HOLE-- [fill = 0]
                  00004858    0000004c                   : BIOS.obj (.text:ti_sysbios_knl_Task_schedule__I)
                  000048a4    00000048     rtsv7M4_T_le_v4SPD16_eabi.lib : fd_toi_t2.asm.obj (.text)
                  000048ec    00000004     --HOLE-- [fill = 0]
                  000048f0    00000048     sysbios.aem4f : BIOS.obj (.text:ti_sysbios_family_arm_m3_Hwi_enableInterrupt__E)
                  00004938    00000048                   : BIOS.obj (.text:ti_sysbios_knl_Mailbox_Module_startup__E)
                  00004980    00000048                   : BIOS.obj (.text:xdc_runtime_Core_assignParams__I)
                  000049c8    00000044                   : BIOS.obj (.text:ti_sysbios_family_arm_m3_Hwi_getStackInfo__E)
                  00004a0c    00000004     --HOLE-- [fill = 0]
                  00004a10    00000044                   : BIOS.obj (.text:ti_sysbios_knl_Swi_post__E)
                  00004a54    00000040     rtsv7M4_T_le_v4SPD16_eabi.lib : sprintf.c.obj (.text:sprintf)
                  00004a94    00000004     --HOLE-- [fill = 0]
                  00004a98    00000040     sysbios.aem4f : BIOS.obj (.text:ti_sysbios_family_arm_msp432_Timer_Module_startup__E)
                  00004ad8    00000040                   : BIOS.obj (.text:ti_sysbios_family_arm_msp432_Timer_startup__E)
                  00004b18    00000040     release_pem4f.oem4f (.text:ti_sysbios_gates_GateHwi_Object__create__S)
                  00004b58    00000040     release_pem4f.oem4f (.text:ti_sysbios_gates_GateMutex_Object__create__S)
                  00004b98    00000040     sysbios.aem4f : BIOS.obj (.text:ti_sysbios_heaps_HeapMem_Instance_init__E)
                  00004bd8    00000040     release_pem4f.oem4f (.text:ti_sysbios_heaps_HeapMem_Object__create__S)
                  00004c18    0000003e     rtsv7M4_T_le_v4SPD16_eabi.lib : _printfi.c.obj (.text:_fcpy)
                  00004c56    00000002     --HOLE-- [fill = 0]
                  00004c58    0000003c     ADC_MSP432.obj (.text:ADC_Initialize)
                  00004c94    0000003c     GPIO_MSP432.obj (.text:GPIO_interruptEdgeSelect)
                  00004cd0    0000003c     sysbios.aem4f : BIOS.obj (.text:ti_sysbios_family_arm_msp432_Seconds_Module_startup__E)
                  00004d0c    00000004     --HOLE-- [fill = 0]
                  00004d10    0000003c                   : BIOS.obj (.text:ti_sysbios_knl_Swi_restore__E)
                  00004d4c    0000003a     HVAC_IO.obj (.text:HVAC_InicialiceADC)
                  00004d86    00000038     rtsv7M4_T_le_v4SPD16_eabi.lib : fs_tod_t2.asm.obj (.text)
                  00004dbe    00000002     --HOLE-- [fill = 0]
                  00004dc0    00000038     release_pem4f.oem4f (.text:ti_sysbios_knl_Clock_doTick__I)
                  00004df8    00000038     sysbios.aem4f : BIOS.obj (.text:xdc_runtime_System_atexit__E)
                  00004e30    00000034     HVAC_Thread.obj (.text:Delay_ms)
                  00004e64    00000034     UART_MSP432.obj (.text:UART_sendByte)
                  00004e98    00000034     UART_MSP432.obj (.text:UART_set_parity)
                  00004ecc    00000034     release_pem4f.oem4f (.text:ti_sysbios_knl_Semaphore_construct)
                  00004f00    00000032     sysbios.aem4f : BIOS.obj (.text:ti_sysbios_hal_Hwi_initStack)
                  00004f32    00000002     --HOLE-- [fill = 0]
                  00004f34    00000030     GPIO_MSP432.obj (.text:GPIO_getInputPinValue)
                  00004f64    00000030     UART_MSP432.obj (.text:UART_set_location_pin)
                  00004f94    00000030     release_pem4f.oem4f (.text:ti_sysbios_BIOS_atExitFunc__I)
                  00004fc4    00000030     release_pem4f.oem4f (.text:ti_sysbios_BIOS_rtsLock__I)
                  00004ff4    00000030     release_pem4f.oem4f (.text:ti_sysbios_BIOS_startFunc__I)
                  00005024    00000030     release_pem4f.oem4f (.text:ti_sysbios_family_arm_m3_Hwi_Object__get__S)
                  00005054    00000004     --HOLE-- [fill = 0]
                  00005058    00000030     sysbios.aem4f : BIOS.obj (.text:ti_sysbios_family_arm_m3_TaskSupport_start__E)
                  00005088    00000030                   : BIOS.obj (.text:ti_sysbios_gates_GateMutex_enter__E)
                  000050b8    00000030     release_pem4f.oem4f (.text:ti_sysbios_heaps_HeapMem_Object__get__S)
                  000050e8    00000030     sysbios.aem4f : BIOS.obj (.text:ti_sysbios_knl_Mailbox_postInit__I)
                  00005118    00000030     release_pem4f.oem4f (.text:ti_sysbios_knl_Queue_construct)
                  00005148    00000030     sysbios.aem4f : BIOS.obj (.text:ti_sysbios_knl_Semaphore_pendTimeout__I)
                  00005178    00000030     release_pem4f.oem4f (.text:ti_sysbios_knl_Swi_Object__get__S)
                  000051a8    00000030     sysbios.aem4f : BIOS.obj (.text:ti_sysbios_knl_Task_processVitalTaskFlag__I)
                  000051d8    00000030                   : BIOS.obj (.text:ti_sysbios_knl_Task_restore__E)
                  00005208    00000030                   : BIOS.obj (.text:ti_sysbios_knl_Task_unblockI__E)
                  00005238    00000030                   : BIOS.obj (.text:xdc_runtime_System_processAtExit__E)
                  00005268    0000002e                   : BIOS.obj (.text:pthread_setcancelstate)
                  00005296    0000002e     rtsv7M4_T_le_v4SPD16_eabi.lib : i_tofd_t2.asm.obj (.text)
                  000052c4    0000002c     msp432p4xx_driverlib.lib : rtc_c.o (.text:RTC_C_holdClock)
                  000052f0    0000002c     sysbios.aem4f : BIOS.obj (.text:_pthread_cleanupFxn)
                  0000531c    00000004     --HOLE-- [fill = 0]
                  00005320    0000002c                   : BIOS.obj (.text:_pthread_delete$43)
                  0000534c    0000002c     release_pem4f.oem4f (.text:ti_sysbios_BIOS_rtsUnlock__I)
                  00005378    0000002c     release_pem4f.oem4f (.text:ti_sysbios_gates_GateHwi_Handle__label__S)
                  000053a4    0000002c     release_pem4f.oem4f (.text:ti_sysbios_gates_GateMutex_Handle__label__S)
                  000053d0    0000002c     release_pem4f.oem4f (.text:ti_sysbios_heaps_HeapMem_Handle__label__S)
                  000053fc    0000002c     release_pem4f.oem4f (.text:ti_sysbios_knl_Semaphore_Params__init__S)
                  00005428    0000002c     release_pem4f.oem4f (.text:ti_sysbios_knl_Task_Object__get__S)
                  00005454    0000002c     release_pem4f.oem4f (.text:ti_sysbios_knl_Task_Params__init__S)
                  00005480    00000028     msp432p4xx_driverlib.lib : pcm.o (.text:PCM_gotoLPM0)
                  000054a8    00000028     sysbios.aem4f : m3_Hwi_asm.obj (.text:ti_sysbios_family_arm_m3_Hwi_excHandlerAsm__I)
                  000054d0    00000028     release_pem4f.oem4f (.text:ti_sysbios_gates_GateMutex_Object__delete__S)
                  000054f8    00000028     sysbios.aem4f : BIOS.obj (.text:ti_sysbios_knl_Clock_addI__E)
                  00005520    00000028                   : BIOS.obj (.text:ti_sysbios_knl_Swi_Module_startup__E)
                  00005548    00000028     release_pem4f.oem4f (.text:ti_sysbios_knl_Task_Object__delete__S)
                  00005570    00000026     HVAC_Thread.obj (.text:HVAC_Thread)
                  00005596    00000026     sysbios.aem4f : m3_Hwi_asm.obj (.text:ti_sysbios_family_arm_m3_Hwi_pendSV__I)
                  000055bc    00000024     TIMER32_MSP432.obj (.text:T32_Configure1)
                  000055e0    00000024     UART_MSP432.obj (.text:UART_putsf)
                  00005604    00000024     msp432p4xx_driverlib.lib : wdt_a.o (.text:WDT_A_holdTimer)
                  00005628    00000024     sysbios.aem4f : BIOS.obj (.text:pthread_attr_init)
                  0000564c    00000024     release_pem4f.oem4f (.text:ti_sysbios_BIOS_registerRTSLock__I)
                  00005670    00000024     release_pem4f.oem4f (.text:ti_sysbios_gates_GateHwi_Object__delete__S)
                  00005694    00000024     release_pem4f.oem4f (.text:ti_sysbios_heaps_HeapMem_Object__delete__S)
                  000056b8    00000024     sysbios.aem4f : BIOS.obj (.text:ti_sysbios_knl_Clock_Module_startup__E)
                  000056dc    00000004     --HOLE-- [fill = 0]
                  000056e0    00000024                   : BIOS.obj (.text:ti_sysbios_knl_Semaphore_Instance_init__E)
                  00005704    00000004     --HOLE-- [fill = 0]
                  00005708    00000024                   : BIOS.obj (.text:ti_sysbios_knl_Task_restoreHwi__E)
                  0000572c    00000004     --HOLE-- [fill = 0]
                  00005730    00000024                   : BIOS.obj (.text:xdc_runtime_Error_policyMin__E)
                  00005754    00000020     ADC_MSP432.obj (.text:ADC_ConfigurePinChannel)
                  00005774    00000020     release_pem4f.oem4f (.text:ti_sysbios_BIOS_removeRTSLock__I)
                  00005794    00000004     --HOLE-- [fill = 0]
                  00005798    00000020     sysbios.aem4f : BIOS.obj (.text:ti_sysbios_knl_Idle_run__E)
                  000057b8    00000020     release_pem4f.oem4f (.text:ti_sysbios_knl_Mailbox_Object__get__S)
                  000057d8    00000020     release_pem4f.oem4f (.text:ti_sysbios_knl_Semaphore_destruct)
                  000057f8    00000020     release_pem4f.oem4f (.text:ti_sysbios_rts_ti_ReentSupport_getTlsAddr__I)
                  00005818    00000020     release_pem4f.oem4f (.text:xdc_runtime_IHeap_alloc)
                  00005838    0000001e     sysbios.aem4f : m3_Hwi_asm_switch.obj (.text:ti_sysbios_family_xxx_Hwi_switchAndRunFunc)
                  00005856    0000001e     release_pem4f.oem4f (.text:ti_sysbios_knl_Task_SupportProxy_start__E)
                  00005874    0000001e     release_pem4f.oem4f (.text:xdc_runtime_Memory_HeapProxy_alloc__E)
                  00005892    00000002     --HOLE-- [fill = 0]
                  00005894    0000001c     ADC_MSP432.obj (.text:ADC_SetEndOfSequenceChannel)
                  000058b0    0000001c     ADC_MSP432.obj (.text:ADC_result)
                  000058cc    0000001c     HVAC_IO.obj (.text:System_InicialiceTIMER)
                  000058e8    0000001c     rtsv7M4_T_le_v4SPD16_eabi.lib : memccpy.c.obj (.text:memccpy)
                  00005904    0000001c     release_pem4f.oem4f (.text:ti_sysbios_family_arm_m3_Hwi_Module__startupDone__F)
                  00005920    0000001c     sysbios.aem4f : BIOS.obj (.text:ti_sysbios_family_arm_m3_Hwi_excHandler__I)
                  0000593c    0000001c     release_pem4f.oem4f (.text:ti_sysbios_family_arm_msp432_Timer_Module__startupDone__F)
                  00005958    0000001c     sysbios.aem4f : BIOS.obj (.text:ti_sysbios_gates_GateMutex_Instance_init__E)
                  00005974    0000001c     release_pem4f.oem4f (.text:ti_sysbios_knl_Queue_Object__get__S)
                  00005990    0000001c     release_pem4f.oem4f (.text:ti_sysbios_knl_Queue_destruct)
                  000059ac    00000004     --HOLE-- [fill = 0]
                  000059b0    0000001c     sysbios.aem4f : BIOS.obj (.text:ti_sysbios_knl_Queue_put__E)
                  000059cc    00000004     --HOLE-- [fill = 0]
                  000059d0    0000001c                   : BIOS.obj (.text:ti_sysbios_knl_Task_enter__I)
                  000059ec    00000004     --HOLE-- [fill = 0]
                  000059f0    0000001c                   : BIOS.obj (.text:ti_sysbios_rts_ti_ReentSupport_getReent__F)
                  00005a0c    00000004     --HOLE-- [fill = 0]
                  00005a10    0000001c                   : BIOS.obj (.text:xdc_runtime_Memory_valloc__E)
                  00005a2c    0000001c     release_pem4f.oem4f (.text:xdc_runtime_Startup_exec__I)
                  00005a48    0000001c     sysbios.aem4f : BIOS.obj (.text:xdc_runtime_System_abort__E)
                  00005a64    0000001a     rtsv7M4_T_le_v4SPD16_eabi.lib : s_copysign.c.obj (.text:copysign)
                  00005a7e    0000001a     release_pem4f.oem4f (.text:xdc_runtime_IHeap_free)
                  00005a98    00000018     release_pem4f.oem4f (.text:.bootCodeSection:ti_sysbios_family_arm_msp432_init_Boot_init__I)
                  00005ab0    00000018     ADC_MSP432.obj (.text:ADC_SetConvertionMode)
                  00005ac8    00000018     ADC_MSP432.obj (.text:ADC_trigger)
                  00005ae0    00000018     UART_MSP432.obj (.text:UART_B_char_IE)
                  00005af8    00000018     UART_MSP432.obj (.text:UART_E_char_IE)
                  00005b10    00000018     UART_MSP432.obj (.text:UART_data_bits)
                  00005b28    00000018     UART_MSP432.obj (.text:UART_mode)
                  00005b40    00000018     UART_MSP432.obj (.text:UART_set_oversampling)
                  00005b58    00000018     UART_MSP432.obj (.text:UART_set_stop_bits)
                  00005b70    00000018     UART_MSP432.obj (.text:UART_set_transmision_dir)
                  00005b88    00000018     rtsv7M4_T_le_v4SPD16_eabi.lib : args_main.c.obj (.text:_args_main)
                  00005ba0    00000018                                   : sprintf.c.obj (.text:_outs)
                  00005bb8    00000018     sysbios.aem4f : m3_TaskSupport_asm.obj (.text:ti_sysbios_family_arm_m3_TaskSupport_swap__E)
                  00005bd0    00000018                   : BIOS.obj (.text:ti_sysbios_gates_GateMutex_leave__E)
                  00005be8    00000018                   : BIOS.obj (.text:xdc_runtime_Error_init__E)
                  00005c00    00000018                   : BIOS.obj (.text:xdc_runtime_System_exit__E)
                  00005c18    00000016     UART_MSP432.obj (.text:UART_den)
                  00005c2e    00000016     UART_MSP432.obj (.text:UART_en)
                  00005c44    00000016     rtsv7M4_T_le_v4SPD16_eabi.lib : strchr.c.obj (.text:strchr)
                  00005c5a    00000016     release_pem4f.oem4f (.text:ti_sysbios_BIOS_exitFunc__I)
                  00005c70    00000016     sysbios.aem4f : BIOS.obj (.text:ti_sysbios_knl_Task_unblock__E)
                  00005c86    00000002     --HOLE-- [fill = 0]
                  00005c88    00000014     msp432p4xx_driverlib.lib : pcm.o (.text:PCM_getPowerState)
                  00005c9c    00000014     TIMER32_MSP432.obj (.text:T32_SetLoadValue1)
                  00005cb0    00000014     HVAC_Thread.obj (.text:Timer32_INT1)
                  00005cc4    00000004     --HOLE-- [fill = 0]
                  00005cc8    00000014     sysbios.aem4f : BIOS.obj (.text:pthread_attr_setschedparam)
                  00005cdc    00000014     rtsv7M4_T_le_v4SPD16_eabi.lib : strlen.c.obj (.text:strlen)
                  00005cf0    00000014     sysbios.aem4f : BIOS.obj (.text:ti_sysbios_family_arm_m3_Hwi_switchFromBootStack__E)
                  00005d04    00000014     release_pem4f.oem4f (.text:ti_sysbios_hal_Hwi_HwiProxy_getStackInfo__E)
                  00005d18    00000014     release_pem4f.oem4f (.text:ti_sysbios_knl_Clock_Module_State_clockQ)
                  00005d2c    00000014     release_pem4f.oem4f (.text:xdc_runtime_Memory_HeapProxy_free__E)
                  00005d40    00000012     sysbios.aem4f : BIOS.obj (.text:_pthread_cleanup_pop)
                  00005d52    00000006     --HOLE-- [fill = 0]
                  00005d58    00000012                   : BIOS.obj (.text:_pthread_runStub$43)
                  00005d6a    00000006     --HOLE-- [fill = 0]
                  00005d70    00000012                   : BIOS.obj (.text:ti_sysbios_hal_Hwi_Module_startup__E)
                  00005d82    00000012     rtsv7M4_T_le_v4SPD16_eabi.lib : wcslen.c.obj (.text:wcslen)
                  00005d94    00000010     ADC_MSP432.obj (.text:ADC_is_busy)
                  00005da4    00000010     msp432p4xx_driverlib.lib : pcm.o (.text:PCM_gotoLPM4)
                  00005db4    00000010                              : pcm.o (.text:PCM_setPowerMode)
                  00005dc4    00000010                              : pcm.o (.text:PCM_setPowerState)
                  00005dd4    00000010     release_pem4f.oem4f (.text:ti_sysbios_BIOS_RtsGateProxy_leave__E)
                  00005de4    00000004     --HOLE-- [fill = 0]
                  00005de8    00000010     sysbios.aem4f : BIOS.obj (.text:ti_sysbios_BIOS_exit__E)
                  00005df8    00000010                   : BIOS.obj (.text:ti_sysbios_BIOS_setThreadType__E)
                  00005e08    00000010                   : BIOS.obj (.text:ti_sysbios_BIOS_start__E)
                  00005e18    00000010                   : m3_TaskSupport_asm.obj (.text:ti_sysbios_family_arm_m3_TaskSupport_glue)
                  00005e28    00000010                   : BIOS.obj (.text:ti_sysbios_family_arm_msp432_init_Boot_disableWatchdog)
                  00005e38    00000010                   : BIOS.obj (.text:ti_sysbios_gates_GateMutex_Instance_finalize__E)
                  00005e48    00000010     release_pem4f.oem4f (.text:ti_sysbios_heaps_HeapMem_Module_GateProxy_leave__E)
                  00005e58    00000010     sysbios.aem4f : BIOS.obj (.text:ti_sysbios_knl_Semaphore_Instance_finalize__E)
                  00005e68    00000010                   : BIOS.obj (.text:ti_sysbios_knl_Swi_disable__E)
                  00005e78    00000010     release_pem4f.oem4f (.text:ti_sysbios_knl_Task_SupportProxy_swap__E)
                  00005e88    00000010     sysbios.aem4f : BIOS.obj (.text:ti_sysbios_knl_Task_disable__E)
                  00005e98    00000010                   : BIOS.obj (.text:xdc_runtime_Gate_leaveSystem__E)
                  00005ea8    00000010                   : BIOS.obj (.text:xdc_runtime_Memory_free__E)
                  00005eb8    00000010                   : BIOS.obj (.text:xdc_runtime_SysCallback_abort__E)
                  00005ec8    00000010                   : BIOS.obj (.text:xdc_runtime_SysCallback_exit__E)
                  00005ed8    00000010     release_pem4f.oem4f (.text:xdc_runtime_System_Module_GateProxy_leave__E)
                  00005ee8    0000000e     TIMER32_MSP432.obj (.text:T32_Init1)
                  00005ef6    0000000e     rtsv7M4_T_le_v4SPD16_eabi.lib : copy_decompress_none.c.obj (.text:decompress:none:__TI_decompress_none)
                  00005f04    00000004     --HOLE-- [fill = 0]
                  00005f08    0000000e     sysbios.aem4f : BIOS.obj (.text:pthread_attr_setdetachstate)
                  00005f16    00000002     --HOLE-- [fill = 0]
                  00005f18    0000000e                   : BIOS.obj (.text:ti_sysbios_knl_Idle_loop__E)
                  00005f26    00000002     --HOLE-- [fill = 0]
                  00005f28    0000000e                   : BIOS.obj (.text:ti_sysbios_knl_Queue_empty__E)
                  00005f36    00000002     --HOLE-- [fill = 0]
                  00005f38    0000000c     TIMER32_MSP432.obj (.text:T32_ClearInterruptFlag1)
                  00005f44    0000000c     TIMER32_MSP432.obj (.text:T32_EnableInterrupt1)
                  00005f50    0000000c     TIMER32_MSP432.obj (.text:T32_EnableTimer1)
                  00005f5c    0000000c     rtsv7M4_T_le_v4SPD16_eabi.lib : _lock.c.obj (.text:_register_lock)
                  00005f68    0000000c                                   : _lock.c.obj (.text:_register_unlock)
                  00005f74    0000000c                                   : copy_zero_init.c.obj (.text:decompress:ZI:__TI_zero_init)
                  00005f80    0000000c     sysbios.aem4f : BIOS.obj (.text:pthread_self)
                  00005f8c    0000000c     release_pem4f.oem4f (.text:ti_sysbios_BIOS_RtsGateProxy_enter__E)
                  00005f98    0000000c     sysbios.aem4f : BIOS.obj (.text:ti_sysbios_family_arm_m3_TaskSupport_getStackAlignment__E)
                  00005fa4    00000004     --HOLE-- [fill = 0]
                  00005fa8    0000000c                   : BIOS.obj (.text:ti_sysbios_family_arm_msp432_Timer_getMaxTicks__E)
                  00005fb4    00000004     --HOLE-- [fill = 0]
                  00005fb8    0000000c                   : BIOS.obj (.text:ti_sysbios_gates_GateHwi_enter__E)
                  00005fc4    0000000c     release_pem4f.oem4f (.text:ti_sysbios_heaps_HeapMem_Module_GateProxy_enter__E)
                  00005fd0    0000000c     release_pem4f.oem4f (.text:ti_sysbios_heaps_HeapMem_Module_GateProxy_query__E)
                  00005fdc    0000000c     release_pem4f.oem4f (.text:ti_sysbios_knl_Clock_TimerProxy_getMaxTicks__E)
                  00005fe8    0000000c     release_pem4f.oem4f (.text:ti_sysbios_knl_Task_delete)
                  00005ff4    00000004     --HOLE-- [fill = 0]
                  00005ff8    0000000c     sysbios.aem4f : BIOS.obj (.text:ti_sysbios_knl_Task_self__E)
                  00006004    00000004     --HOLE-- [fill = 0]
                  00006008    0000000c                   : BIOS.obj (.text:ti_sysbios_rts_ti_ReentSupport_taskRegHook__I)
                  00006014    00000004     --HOLE-- [fill = 0]
                  00006018    0000000c                   : BIOS.obj (.text:xdc_runtime_Gate_enterSystem__E)
                  00006024    00000004     --HOLE-- [fill = 0]
                  00006028    0000000c                   : BIOS.obj (.text:xdc_runtime_Startup_rtsDone__E)
                  00006034    0000000c     release_pem4f.oem4f (.text:xdc_runtime_System_Module_GateProxy_enter__E)
                  00006040    0000000c     release_pem4f.oem4f (.text:xdc_runtime_System_SupportProxy_abort__E)
                  0000604c    0000000c     release_pem4f.oem4f (.text:xdc_runtime_System_SupportProxy_exit__E)
                  00006058    0000000a     rtsv7M4_T_le_v4SPD16_eabi.lib : sprintf.c.obj (.text:_outc)
                  00006062    00000008     HVAC_IO.obj (.text:HVAC_InicialiceUART)
                  0000606a    00000006     --HOLE-- [fill = 0]
                  00006070    00000008     sysbios.aem4f : BIOS.obj (.text:pthread_attr_setstacksize)
                  00006078    00000008     release_pem4f.oem4f (.text:ti_sysbios_family_arm_m3_Hwi_Module__startupDone__S)
                  00006080    00000008     sysbios.aem4f : BIOS.obj (.text:ti_sysbios_family_arm_m3_Hwi_doSwiRestore__I)
                  00006088    00000008                   : BIOS.obj (.text:ti_sysbios_family_arm_m3_Hwi_startup__E)
                  00006090    00000008     release_pem4f.oem4f (.text:ti_sysbios_family_arm_msp432_Timer_Module__startupDone__S)
                  00006098    00000008     release_pem4f.oem4f (.text:ti_sysbios_hal_Hwi_HwiProxy_Module__startupDone__S)
                  000060a0    00000008     release_pem4f.oem4f (.text:ti_sysbios_hal_Hwi_HwiProxy_startup__E)
                  000060a8    00000008     release_pem4f.oem4f (.text:ti_sysbios_hal_Hwi_HwiProxy_switchFromBootStack__E)
                  000060b0    00000008     release_pem4f.oem4f (.text:ti_sysbios_knl_Clock_TimerProxy_Module__startupDone__S)
                  000060b8    00000008     release_pem4f.oem4f (.text:ti_sysbios_knl_Task_SupportProxy_Module__startupDone__S)
                  000060c0    00000008     release_pem4f.oem4f (.text:ti_sysbios_knl_Task_SupportProxy_getStackAlignment__E)
                  000060c8    00000008     release_pem4f.oem4f (.text:ti_sysbios_rts_ti_ReentSupport_getReent__E)
                  000060d0    00000008     release_pem4f.oem4f (.text:xdc_runtime_Startup_reset__I)
                  000060d8    00000006     sysbios.aem4f : BIOS.obj (.text:ti_sysbios_family_arm_m3_Hwi_doTaskRestore__I)
                  000060de    00000002     --HOLE-- [fill = 0]
                  000060e0    00000006                   : BIOS.obj (.text:ti_sysbios_gates_GateHwi_leave__E)
                  000060e6    00000002     --HOLE-- [fill = 0]
                  000060e8    00000006                   : BIOS.obj (.text:ti_sysbios_heaps_HeapMem_isBlocking__E)
                  000060ee    00000002     --HOLE-- [fill = 0]
                  000060f0    00000006                   : BIOS.obj (.text:ti_sysbios_knl_Queue_Instance_init__E)
                  000060f6    00000002     --HOLE-- [fill = 0]
                  000060f8    00000006                   : BIOS.obj (.text:ti_sysbios_knl_Swi_startup__E)
                  000060fe    00000002     --HOLE-- [fill = 0]
                  00006100    00000006                   : BIOS.obj (.text:xdc_runtime_System_Module_startup__E)
                  00006106    00000002     --HOLE-- [fill = 0]
                  00006108    00000004                   : BIOS.obj (.text:__aeabi_errno_addr)
                  0000610c    00000004     --HOLE-- [fill = 0]
                  00006110    00000004                   : BIOS.obj (.text:ti_sysbios_gates_GateHwi_query__E)
                  00006114    00000004     --HOLE-- [fill = 0]
                  00006118    00000004                   : BIOS.obj (.text:ti_sysbios_gates_GateMutex_query__E)
                  0000611c    00000004     --HOLE-- [fill = 0]
                  00006120    00000004                   : BIOS.obj (.text:ti_sysbios_knl_Task_startup__E)
                  00006124    00000004     --HOLE-- [fill = 0]
                  00006128    00000002                   : BIOS.obj (.text:ti_sysbios_BIOS_linkedWithIncorrectBootLibrary__E)
                  0000612a    00000006     --HOLE-- [fill = 0]
                  00006130    00000002                   : BIOS.obj (.text:ti_sysbios_gates_GateHwi_Instance_init__E)
                  00006132    00000006     --HOLE-- [fill = 0]
                  00006138    00000002                   : BIOS.obj (.text:ti_sysbios_knl_Clock_logTick__E)
                  0000613a    00000006     --HOLE-- [fill = 0]
                  00006140    00000002                   : BIOS.obj (.text:xdc_runtime_SysCallback_defaultAbort)
                  00006142    00000006     --HOLE-- [fill = 0]
                  00006148    00000002                   : BIOS.obj (.text:xdc_runtime_SysCallback_defaultExit)
                  0000614a    00000006     --HOLE-- [fill = 0]
                  00006150    00000002                   : BIOS.obj (.text:xdc_runtime_System_abortSpin__E)
                  00006152    00000006     --HOLE-- [fill = 0]
                  00006158    00000002                   : BIOS.obj (.text:xdc_runtime_System_exitSpin__E)

.const     0    0000615c    000004fc     
                  0000615c    00000101     rtsv7M4_T_le_v4SPD16_eabi.lib : ctype.c.obj (.const:.string:_ctypes_)
                  0000625d    00000001     release_pem4f.oem4f (.const:xdc_runtime_Error_policy__C)
                  0000625e    00000002     release_pem4f.oem4f (.const:ti_sysbios_family_arm_msp432_init_Boot_bypassHFXT__C)
                  00006260    00000048     release_pem4f.oem4f (.const:.string)
                  000062a8    0000003c     release_pem4f.oem4f (.const:ti_sysbios_knl_Task_Object__PARAMS__C)
                  000062e4    00000030     GPIO_MSP432.obj (.const:GPIO_PORT_TO_BASE)
                  00006314    00000028     release_pem4f.oem4f (.const:ti_sysbios_heaps_HeapMem_Module__FXNS__C)
                  0000633c    00000024     release_pem4f.oem4f (.const:ti_sysbios_gates_GateHwi_Module__FXNS__C)
                  00006360    00000024     release_pem4f.oem4f (.const:ti_sysbios_gates_GateMutex_Module__FXNS__C)
                  00006384    00000024     release_pem4f.oem4f (.const:ti_sysbios_heaps_HeapMem_Object__PARAMS__C)
                  000063a8    00000024     release_pem4f.oem4f (.const:ti_sysbios_knl_Semaphore_Object__PARAMS__C)
                  000063cc    00000024     release_pem4f.oem4f (.const:xdc_runtime_Startup_sfxnTab__A)
                  000063f0    00000020     release_pem4f.oem4f (.const:ti_sysbios_gates_GateHwi_Object__DESC__C)
                  00006410    00000020     release_pem4f.oem4f (.const:ti_sysbios_gates_GateMutex_Object__DESC__C)
                  00006430    00000020     release_pem4f.oem4f (.const:ti_sysbios_heaps_HeapMem_Object__DESC__C)
                  00006450    00000020     release_pem4f.oem4f (.const:ti_sysbios_knl_Queue_Object__DESC__C)
                  00006470    00000020     release_pem4f.oem4f (.const:ti_sysbios_knl_Semaphore_Object__DESC__C)
                  00006490    00000020     release_pem4f.oem4f (.const:ti_sysbios_knl_Task_Object__DESC__C)
                  000064b0    00000018     release_pem4f.oem4f (.const:ti_sysbios_gates_GateHwi_Object__PARAMS__C)
                  000064c8    00000018     release_pem4f.oem4f (.const:ti_sysbios_gates_GateMutex_Object__PARAMS__C)
                  000064e0    00000018     release_pem4f.oem4f (.const:ti_sysbios_knl_Queue_Object__PARAMS__C)
                  000064f8    00000018     release_pem4f.oem4f (.const:ti_sysbios_knl_Task_hooks__A)
                  00006510    00000012     release_pem4f.oem4f (.const:xdc_runtime_Startup_sfxnRts__A)
                  00006522    00000002     release_pem4f.oem4f (.const:ti_sysbios_family_arm_msp432_init_Boot_bypassLFXT__C)
                  00006524    0000000c     UART_MSP432.obj (.const:BRFX)
                  00006530    0000000c     UART_MSP432.obj (.const:BRS)
                  0000653c    0000000c     UART_MSP432.obj (.const:BRX)
                  00006548    0000000c     release_pem4f.oem4f (.const:xdc_runtime_Startup_firstFxns__A)
                  00006554    00000008     INT_MSP432.obj (.const:g_pulEnRegs)
                  0000655c    00000008     release_pem4f.oem4f (.const:ti_sysbios_knl_Idle_funcList__A)
                  00006564    00000008     release_pem4f.oem4f (.const:ti_sysbios_knl_Idle_funcList__C)
                  0000656c    00000008     release_pem4f.oem4f (.const:ti_sysbios_knl_Task_hooks__C)
                  00006574    00000008     release_pem4f.oem4f (.const:xdc_runtime_Startup_firstFxns__C)
                  0000657c    00000008     release_pem4f.oem4f (.const:xdc_runtime_Startup_lastFxns__C)
                  00006584    00000004     release_pem4f.oem4f (.const:ti_sysbios_family_arm_m3_Hwi_NUM_INTERRUPTS__C)
                  00006588    00000004     release_pem4f.oem4f (.const:ti_sysbios_family_arm_m3_Hwi_Object__count__C)
                  0000658c    00000004     release_pem4f.oem4f (.const:ti_sysbios_family_arm_m3_Hwi_Object__table__C)
                  00006590    00000004     release_pem4f.oem4f (.const:ti_sysbios_family_arm_m3_Hwi_ccr__C)
                  00006594    00000004     release_pem4f.oem4f (.const:ti_sysbios_family_arm_m3_Hwi_excHandlerFunc__C)
                  00006598    00000004     release_pem4f.oem4f (.const:ti_sysbios_family_arm_m3_Hwi_nullIsrFunc__C)
                  0000659c    00000004     release_pem4f.oem4f (.const:ti_sysbios_family_arm_m3_Hwi_priGroup__C)
                  000065a0    00000004     release_pem4f.oem4f (.const:ti_sysbios_family_arm_m3_TaskSupport_stackAlignment__C)
                  000065a4    00000004     release_pem4f.oem4f (.const:ti_sysbios_family_arm_msp432_Timer_numTimerDevices__C)
                  000065a8    00000004     release_pem4f.oem4f (.const:ti_sysbios_family_arm_msp432_Timer_startupNeeded__C)
                  000065ac    00000004     release_pem4f.oem4f (.const:ti_sysbios_gates_GateMutex_Instance_State_sem__O)
                  000065b0    00000004     release_pem4f.oem4f (.const:ti_sysbios_heaps_HeapMem_E_memory__C)
                  000065b4    00000004     release_pem4f.oem4f (.const:ti_sysbios_heaps_HeapMem_Module__gateObj__C)
                  000065b8    00000004     release_pem4f.oem4f (.const:ti_sysbios_heaps_HeapMem_Object__count__C)
                  000065bc    00000004     release_pem4f.oem4f (.const:ti_sysbios_heaps_HeapMem_Object__table__C)
                  000065c0    00000004     release_pem4f.oem4f (.const:ti_sysbios_heaps_HeapMem_primaryHeapBaseAddr__C)
                  000065c4    00000004     release_pem4f.oem4f (.const:ti_sysbios_heaps_HeapMem_primaryHeapEndAddr__C)
                  000065c8    00000004     release_pem4f.oem4f (.const:ti_sysbios_heaps_HeapMem_reqAlign__C)
                  000065cc    00000004     release_pem4f.oem4f (.const:ti_sysbios_knl_Clock_Module_State_clockQ__O)
                  000065d0    00000004     release_pem4f.oem4f (.const:ti_sysbios_knl_Mailbox_Instance_State_freeQue__O)
                  000065d4    00000004     release_pem4f.oem4f (.const:ti_sysbios_knl_Mailbox_Object__count__C)
                  000065d8    00000004     release_pem4f.oem4f (.const:ti_sysbios_knl_Mailbox_maxTypeAlign__C)
                  000065dc    00000004     release_pem4f.oem4f (.const:ti_sysbios_knl_Semaphore_Instance_State_pendQ__O)
                  000065e0    00000004     release_pem4f.oem4f (.const:ti_sysbios_knl_Swi_Object__count__C)
                  000065e4    00000004     release_pem4f.oem4f (.const:ti_sysbios_knl_Swi_Object__table__C)
                  000065e8    00000004     release_pem4f.oem4f (.const:ti_sysbios_knl_Task_Module_State_inactiveQ__O)
                  000065ec    00000004     release_pem4f.oem4f (.const:ti_sysbios_knl_Task_Object__count__C)
                  000065f0    00000004     release_pem4f.oem4f (.const:ti_sysbios_knl_Task_Object__heap__C)
                  000065f4    00000004     release_pem4f.oem4f (.const:ti_sysbios_knl_Task_Object__table__C)
                  000065f8    00000004     release_pem4f.oem4f (.const:ti_sysbios_knl_Task_allBlockedFunc__C)
                  000065fc    00000004     release_pem4f.oem4f (.const:ti_sysbios_knl_Task_defaultStackHeap__C)
                  00006600    00000004     release_pem4f.oem4f (.const:ti_sysbios_knl_Task_defaultStackSize__C)
                  00006604    00000004     release_pem4f.oem4f (.const:ti_sysbios_knl_Task_numConstructedTasks__C)
                  00006608    00000004     release_pem4f.oem4f (.const:xdc_runtime_Error_E_memory__C)
                  0000660c    00000004     release_pem4f.oem4f (.const:xdc_runtime_Error_policyFxn__C)
                  00006610    00000004     release_pem4f.oem4f (.const:xdc_runtime_IGateProvider_Interface__BASE__C)
                  00006614    00000004     release_pem4f.oem4f (.const:xdc_runtime_IHeap_Interface__BASE__C)
                  00006618    00000004     release_pem4f.oem4f (.const:xdc_runtime_IModule_Interface__BASE__C)
                  0000661c    00000004     release_pem4f.oem4f (.const:xdc_runtime_Memory_defaultHeapInstance__C)
                  00006620    00000004     release_pem4f.oem4f (.const:xdc_runtime_Startup_execImpl__C)
                  00006624    00000004     release_pem4f.oem4f (.const:xdc_runtime_Startup_maxPasses__C)
                  00006628    00000004     release_pem4f.oem4f (.const:xdc_runtime_Startup_sfxnRts__C)
                  0000662c    00000004     release_pem4f.oem4f (.const:xdc_runtime_Startup_sfxnTab__C)
                  00006630    00000004     release_pem4f.oem4f (.const:xdc_runtime_Startup_startModsFxn__C)
                  00006634    00000004     release_pem4f.oem4f (.const:xdc_runtime_SysCallback_abortFxn__C)
                  00006638    00000004     release_pem4f.oem4f (.const:xdc_runtime_SysCallback_exitFxn__C)
                  0000663c    00000004     release_pem4f.oem4f (.const:xdc_runtime_System_Module__gateObj__C)
                  00006640    00000004     release_pem4f.oem4f (.const:xdc_runtime_System_abortFxn__C)
                  00006644    00000004     release_pem4f.oem4f (.const:xdc_runtime_System_exitFxn__C)
                  00006648    00000004     release_pem4f.oem4f (.const:xdc_runtime_System_maxAtexitHandlers__C)
                  0000664c    00000004     release_pem4f.oem4f (.const:xdc_runtime_Text_nameUnknown__C)
                  00006650    00000002     release_pem4f.oem4f (.const:ti_sysbios_family_arm_msp432_init_Boot_enableHFXT__C)
                  00006652    00000002     release_pem4f.oem4f (.const:ti_sysbios_family_arm_msp432_init_Boot_enableLFXT__C)
                  00006654    00000002     release_pem4f.oem4f (.const:ti_sysbios_heaps_HeapMem_Module__id__C)
                  00006656    00000002     release_pem4f.oem4f (.const:xdc_runtime_Memory_Module__id__C)

.cinit     0    00006658    000001e0     
                  00006658    000001a6     (.cinit..data.load) [load image, compression = lzss]
                  000067fe    00000002     --HOLE-- [fill = 0]
                  00006800    0000000c     (__TI_handler_table)
                  0000680c    00000004     --HOLE-- [fill = 0]
                  00006810    00000008     (.cinit..bss.load) [load image, compression = zero_init]
                  00006818    00000008     (.cinit..vtable.load) [load image, compression = zero_init]
                  00006820    00000018     (__TI_cinit_table)

.init_array 
*          0    00000000    00000000     UNINITIALIZED

.bss       0    20000140    0000049f     UNINITIALIZED
                  20000140    00000200     release_pem4f.oem4f (.bss:taskStackSection)
                  20000340    00000140     (.common:ti_sysbios_family_arm_m3_Hwi_dispatchTable)
                  20000480    00000040     (.common:state1)
                  200004c0    00000040     (.common:state2)
                  20000500    00000040     (.common:state3)
                  20000540    00000040     (.common:state4)
                  20000580    00000040     (.common:state5)
                  200005c0    00000004     (.common:Pot_1)
                  200005c4    00000004     (.common:Pot_2)
                  200005c8    00000004     (.common:Pot_3)
                  200005cc    00000004     (.common:i)
                  200005d0    00000004     (.common:j)
                  200005d4    00000004     (.common:ti_sysbios_knl_Task_Instance_State_0_hookEnv__A)
                  200005d8    00000001     (.common:LIGHT_1)
                  200005d9    00000001     (.common:LIGHT_2)
                  200005da    00000001     (.common:LIGHT_3)
                  200005db    00000001     (.common:PREV_STATE_P1)
                  200005dc    00000001     (.common:PREV_STATE_P2)
                  200005dd    00000001     (.common:sys_flag)
                  200005de    00000001     (.common:sys_turn)

.data      0    200005e0    0000048d     UNINITIALIZED
                  200005e0    00000088     sysbios.aem4f : BIOS.obj (.data:$O1$$)
                  20000668    00000080     release_pem4f.oem4f (.data:ti_sysbios_knl_Swi_Module_State_0_readyQ__A)
                  200006e8    00000080     release_pem4f.oem4f (.data:ti_sysbios_knl_Task_Module_State_0_readyQ__A)
                  20000768    00000054     release_pem4f.oem4f (.data:ti_sysbios_gates_GateMutex_Object__table__V)
                  200007bc    0000004c     release_pem4f.oem4f (.data:ti_sysbios_knl_Task_Object__table__V)
                  20000808    00000044     release_pem4f.oem4f (.data:ti_sysbios_family_arm_msp432_Timer_Object__table__V)
                  2000084c    00000044     release_pem4f.oem4f (.data:ti_sysbios_knl_Task_Module__state__V)
                  20000890    00000034     release_pem4f.oem4f (.data:ti_sysbios_family_arm_m3_Hwi_Module__state__V)
                  200008c4    00000030     release_pem4f.oem4f (.data:ti_sysbios_knl_Swi_Object__table__V)
                  200008f4    0000002c     release_pem4f.oem4f (.data:ti_sysbios_knl_Clock_Module__state__V)
                  20000920    00000024     release_pem4f.oem4f (.data:ti_sysbios_BIOS_Module__state__V)
                  20000944    00000020     release_pem4f.oem4f (.data:ti_sysbios_family_arm_msp432_Timer_Module_State_0_device__A)
                  20000964    00000020     release_pem4f.oem4f (.data:xdc_runtime_Error_IgnoreBlock)
                  20000984    0000001c     release_pem4f.oem4f (.data:ti_sysbios_knl_Swi_Module__state__V)
                  200009a0    00000018     release_pem4f.oem4f (.data:ti_sysbios_family_arm_m3_Hwi_Object__table__V)
                  200009b8    00000018     release_pem4f.oem4f (.data:ti_sysbios_heaps_HeapMem_Object__table__V)
                  200009d0    00000012     HVAC_IO.obj (.data)
                  200009e2    00000002     release_pem4f.oem4f (.data:ti_sysbios_family_arm_m3_Hwi_Module_State_0_excActive__A)
                  200009e4    00000010     release_pem4f.oem4f (.data:ti_sysbios_family_arm_msp432_Timer_Module_State_0_handles__A)
                  200009f4    0000000c     release_pem4f.oem4f (.data:ti_sysbios_family_arm_msp432_Timer_Module__state__V)
                  20000a00    00000008     rtsv7M4_T_le_v4SPD16_eabi.lib : _lock.c.obj (.data:$O1$$)
                  20000a08    00000008     release_pem4f.oem4f (.data:ti_sysbios_gates_GateHwi_Module__root__V)
                  20000a10    00000008     release_pem4f.oem4f (.data:ti_sysbios_gates_GateMutex_Module__root__V)
                  20000a18    00000008     release_pem4f.oem4f (.data:ti_sysbios_heaps_HeapMem_Module__root__V)
                  20000a20    00000008     release_pem4f.oem4f (.data:ti_sysbios_knl_Queue_Module__root__V)
                  20000a28    00000008     release_pem4f.oem4f (.data:ti_sysbios_knl_Semaphore_Module__root__V)
                  20000a30    00000008     release_pem4f.oem4f (.data:ti_sysbios_knl_Task_Module__root__V)
                  20000a38    00000008     release_pem4f.oem4f (.data:xdc_runtime_Startup_Module__state__V)
                  20000a40    00000008     release_pem4f.oem4f (.data:xdc_runtime_System_Module_State_0_atexitHandlers__A)
                  20000a48    00000008     release_pem4f.oem4f (.data:xdc_runtime_System_Module__state__V)
                  20000a50    00000004     rtsv7M4_T_le_v4SPD16_eabi.lib : stkdepth_vars.c.obj (.data)
                  20000a54    00000004     release_pem4f.oem4f (.data:ti_sysbios_family_arm_m3_Hwi_Module_State_0_excContext__A)
                  20000a58    00000004     release_pem4f.oem4f (.data:ti_sysbios_family_arm_m3_Hwi_Module_State_0_excStack__A)
                  20000a5c    00000004     release_pem4f.oem4f (.data:ti_sysbios_gates_GateHwi_Object__table__V)
                  20000a60    00000004     release_pem4f.oem4f (.data:ti_sysbios_knl_Task_Module_State_0_idleTask__A)
                  20000a64    00000004     release_pem4f.oem4f (.data:ti_sysbios_rts_ti_ReentSupport_Module__state__V)
                  20000a68    00000004     release_pem4f.oem4f (.data:xdc_runtime_Memory_Module__state__V)
                  20000a6c    00000001     HVAC_Thread.obj (.data)

.vtable    0    20001000    000000e8     UNINITIALIZED
                  20001000    000000e8     INT_MSP432.obj (.vtable)

.priheap   0    200010e8    00004000     UNINITIALIZED
                  200010e8    00004000     --HOLE--

.stack     0    2000fc00    00000400     UNINITIALIZED
                  2000fc00    00000400     --HOLE--

.bootVecs 
*          0    00000000    00000008     DSECT
                  00000000    00000008     boot.aem4f : boot.oem4f (.bootVecs)

.resetVecs 
*          0    00000000    0000003c     
                  00000000    0000003c     release_pem4f.oem4f (.resetVecs)

.vecs      0    20000000    00000140     NOLOAD SECTION
                  20000000    00000140     release_pem4f.oem4f (.vecs)

xdc.meta   0    00000000    000000ea     COPY SECTION
                  00000000    000000ea     release_pem4f.oem4f (xdc.meta)

xdc.noload 
*          0    00000000    00000000     COPY SECTION

__llvm_prf_cnts 
*          0    20000000    00000000     UNINITIALIZED

.binit     0    00000000    00000000     

MODULE SUMMARY

       Module                       code    ro data   rw data
       ------                       ----    -------   -------
    .\
       HVAC_IO.obj                  2090    0         730    
       HVAC_Thread.obj              110     0         2      
       Threads.obj                  100     0         0      
    +--+----------------------------+-------+---------+---------+
       Total:                       2300    0         732    
                                                             
    .\Aux_files\
       system_msp432p401r.obj       202     0         0      
    +--+----------------------------+-------+---------+---------+
       Total:                       202     0         0      
                                                             
    .\Drivers\
       GPIO_MSP432.obj              668     48        0      
       UART_MSP432.obj              680     36        0      
       INT_MSP432.obj               220     8         464    
       ADC_MSP432.obj               212     0         0      
       TIMER32_MSP432.obj           106     0         0      
    +--+----------------------------+-------+---------+---------+
       Total:                       1886    92        464    
                                                             
    C:\Users\N5050\workspace_v12_Labs\LAB3_U2_Equipo_8\Debug\configPkg\package\cfg\
       release_pem4f.oem4f          1966    987       4308   
    +--+----------------------------+-------+---------+---------+
       Total:                       1966    987       4308   
                                                             
    C:/ti/simplelink_msp432p4_sdk_3_40_01_02/source/ti/devices/msp432p4xx/driverlib/ccs/msp432p4xx_driverlib.lib
       pcm.o                        1770    0         0      
       rtc_c.o                      44      0         0      
       wdt_a.o                      36      0         0      
       cpu.o                        4       0         0      
    +--+----------------------------+-------+---------+---------+
       Total:                       1854    0         0      
                                                             
    C:\Users\N5050\workspace_v12_Labs\LAB3_U2_Equipo_8\Aux_files\src\sysbios\sysbios.aem4f
       BIOS.obj                     7762    0         272    
       m3_Hwi_asm.obj               318     0         0      
       m3_TaskSupport_asm.obj       180     0         0      
       m3_Hwi_asm_switch.obj        118     0         0      
    +--+----------------------------+-------+---------+---------+
       Total:                       8378    0         272    
                                                             
    C:\ti\ccs1210\ccs\tools\compiler\ti-cgt-arm_20.2.7.LTS\lib\rtsv7M4_T_le_v4SPD16_eabi.lib
       _printfi.c.obj               4851    0         0      
       fd_add_t2.asm.obj            438     0         0      
       fd_div_t2.asm.obj            310     0         0      
       s_scalbn.c.obj               272     0         0      
       fd_cmp_t2.asm.obj            268     0         0      
       ctype.c.obj                  0       257       0      
       fd_mul_t2.asm.obj            252     0         0      
       memcpy_t2.asm.obj            156     0         0      
       ull_div_t2.asm.obj           150     0         0      
       memset_t2.asm.obj            122     0         0      
       copy_decompress_lzss.c.obj   104     0         0      
       s_frexp.c.obj                100     0         0      
       sprintf.c.obj                98      0         0      
       _ltoa.c.obj                  84      0         0      
       atoi.c.obj                   76      0         0      
       cpy_tbl.c.obj                76      0         0      
       fd_toi_t2.asm.obj            72      0         0      
       fs_tod_t2.asm.obj            56      0         0      
       i_tofd_t2.asm.obj            46      0         0      
       _lock.c.obj                  26      0         16     
       memccpy.c.obj                28      0         0      
       s_copysign.c.obj             26      0         0      
       args_main.c.obj              24      0         0      
       strchr.c.obj                 22      0         0      
       strlen.c.obj                 20      0         0      
       wcslen.c.obj                 18      0         0      
       copy_decompress_none.c.obj   14      0         0      
       copy_zero_init.c.obj         12      0         0      
       stkdepth_vars.c.obj          0       0         8      
       div0.asm.obj                 2       0         0      
    +--+----------------------------+-------+---------+---------+
       Total:                       7723    257       24     
                                                             
    C:\ti\simplelink_msp432p4_sdk_3_40_01_02\kernel\tirtos\packages\ti\targets\arm\rtsarm\lib\auto_init.aem4f
       auto_init.oem4f              160     0         0      
    +--+----------------------------+-------+---------+---------+
       Total:                       160     0         0      
                                                             
    C:\ti\simplelink_msp432p4_sdk_3_40_01_02\kernel\tirtos\packages\ti\targets\arm\rtsarm\lib\boot.aem4f
       boot.oem4f                   88      0         0      
    +--+----------------------------+-------+---------+---------+
       Total:                       88      0         0      
                                                             
       Stack:                       0       0         2048   
       Linker Generated:            0       474       0      
    +--+----------------------------+-------+---------+---------+
       Grand Total:                 24557   1810      7848   


LINKER GENERATED COPY TABLES

__TI_cinit_table @ 00006820 records: 3, size/record: 8, table size: 24
	.data: load addr=00006658, load size=000001a6 bytes, run addr=200005e0, run size=0000048d bytes, compression=lzss
	.bss: load addr=00006810, load size=00000008 bytes, run addr=20000140, run size=0000049f bytes, compression=zero_init
	.vtable: load addr=00006818, load size=00000008 bytes, run addr=20001000, run size=000000e8 bytes, compression=zero_init


LINKER GENERATED HANDLER TABLE

__TI_handler_table @ 00006800 records: 3, size/record: 4, table size: 12
	index: 0, handler: __TI_zero_init
	index: 1, handler: __TI_decompress_lzss
	index: 2, handler: __TI_decompress_none


GLOBAL SYMBOLS: SORTED ALPHABETICALLY BY Name 

address   name                                                            
-------   ----                                                            
200009e0  ACT_STATE_P1                                                    
200009e1  ACT_STATE_P2                                                    
00005755  ADC_ConfigurePinChannel                                         
00004c59  ADC_Initialize                                                  
00005ab1  ADC_SetConvertionMode                                           
00005895  ADC_SetEndOfSequenceChannel                                     
00005d95  ADC_is_busy                                                     
000058b1  ADC_result                                                      
00005ac9  ADC_trigger                                                     
00006524  BRFX                                                            
00006530  BRS                                                             
0000653c  BRX                                                             
00002c01  Button_SYS                                                      
00001f35  CPU_wfi                                                         
200009d0  DELAY_P1                                                        
200009d4  DELAY_P2                                                        
00004e31  Delay_ms                                                        
00004f35  GPIO_getInputPinValue                                           
00002e09  GPIO_init_board                                                 
00004c95  GPIO_interruptEdgeSelect                                        
0000224d  GPIO_setBitIO                                                   
00003385  GPIO_setOutput                                                  
00004000  HEAPSIZE                                                        
00003091  HVAC_ActualizarEntradas                                         
00004d4d  HVAC_InicialiceADC                                              
000029b9  HVAC_InicialiceIO                                               
00006063  HVAC_InicialiceUART                                             
000035c5  HVAC_PrintState                                                 
00005571  HVAC_Thread                                                     
00002721  INT_SWI                                                         
200009d8  ITERATIONS                                                      
00003975  Int_enableInterrupt                                             
00004101  Int_registerInterrupt                                           
000015dd  LIGHTS                                                          
200005d8  LIGHT_1                                                         
200005d9  LIGHT_2                                                         
200005da  LIGHT_3                                                         
000040a1  PCM_getCoreVoltageLevel                                         
0000427d  PCM_getPowerMode                                                
00005c89  PCM_getPowerState                                               
00005481  PCM_gotoLPM0                                                    
000037e1  PCM_gotoLPM3                                                    
00005da5  PCM_gotoLPM4                                                    
00005db5  PCM_setPowerMode                                                
00005dc5  PCM_setPowerState                                               
00004491  PCM_shutdownDevice                                              
00001311  PERSIANAS                                                       
200005db  PREV_STATE_P1                                                   
200005dc  PREV_STATE_P2                                                   
200009de  Per_UD_1                                                        
200009df  Per_UD_2                                                        
200005c0  Pot_1                                                           
200005c4  Pot_2                                                           
200005c8  Pot_3                                                           
0000130f  Power_idleFunc                                                  
000052c5  RTC_C_holdClock                                                 
UNDEFED   SHT$$INIT_ARRAY$$Base                                           
UNDEFED   SHT$$INIT_ARRAY$$Limit                                          
00001ad1  Sys_ON                                                          
00002a85  SystemInit                                                      
000058cd  System_InicialiceTIMER                                          
00003d81  System_Inicio                                                   
00005f39  T32_ClearInterruptFlag1                                         
000055bd  T32_Configure1                                                  
00005f45  T32_EnableInterrupt1                                            
00005f51  T32_EnableTimer1                                                
00005ee9  T32_Init1                                                       
00005c9d  T32_SetLoadValue1                                               
00005cb1  Timer32_INT1                                                    
00005ae1  UART_B_char_IE                                                  
00005af9  UART_E_char_IE                                                  
000042d9  UART_clck_source                                                
00005b11  UART_data_bits                                                  
00005c19  UART_den                                                        
00005c2f  UART_en                                                         
00003c45  UART_init                                                       
00005b29  UART_mode                                                       
000055e1  UART_putsf                                                      
00004e65  UART_sendByte                                                   
00004331  UART_set_baud_rate                                              
00004f65  UART_set_location_pin                                           
00005b41  UART_set_oversampling                                           
00004e99  UART_set_parity                                                 
00005b59  UART_set_stop_bits                                              
00005b71  UART_set_transmision_dir                                        
4000480c  WDTCTL_SYM                                                      
00005605  WDT_A_holdTimer                                                 
00000000  __ASM__                                                         
0000006b  __ISA__                                                         
0000007e  __PLAT__                                                        
20010000  __STACK_END                                                     
00000400  __STACK_SIZE                                                    
000000a1  __TARG__                                                        
00006820  __TI_CINIT_Base                                                 
00006838  __TI_CINIT_Limit                                                
00006800  __TI_Handler_Table_Base                                         
0000680c  __TI_Handler_Table_Limit                                        
00002f55  __TI_auto_init                                                  
00003cad  __TI_decompress_lzss                                            
00005ef7  __TI_decompress_none                                            
000044e5  __TI_ltoa                                                       
ffffffff  __TI_pprof_out_hndl                                             
00000041  __TI_printfi                                                    
ffffffff  __TI_prof_data_size                                             
ffffffff  __TI_prof_data_start                                            
00006658  __TI_static_base__                                              
00005f75  __TI_zero_init                                                  
000000c7  __TRDR__                                                        
0000364d  __aeabi_cdcmpeq                                                 
0000364d  __aeabi_cdcmple                                                 
000036d3  __aeabi_cdrcmple                                                
000048a5  __aeabi_d2iz                                                    
00001163  __aeabi_dadd                                                    
00001869  __aeabi_ddiv                                                    
00002349  __aeabi_dmul                                                    
00001159  __aeabi_dsub                                                    
00006109  __aeabi_errno_addr                                              
00004d87  __aeabi_f2d                                                     
00005297  __aeabi_i2d                                                     
00002805  __aeabi_idiv0                                                   
00002805  __aeabi_ldiv0                                                   
00003a79  __aeabi_memclr                                                  
00003a79  __aeabi_memclr4                                                 
00003a79  __aeabi_memclr8                                                 
00002ff5  __aeabi_memcpy                                                  
00002ff5  __aeabi_memcpy4                                                 
00002ff5  __aeabi_memcpy8                                                 
00003a7b  __aeabi_memset                                                  
00003a7b  __aeabi_memset4                                                 
00003a7b  __aeabi_memset8                                                 
00003129  __aeabi_uldivmod                                                
ffffffff  __binit__                                                       
ffffffff  __c_args__                                                      
200050e8  __primary_heap_end__                                            
200010e8  __primary_heap_start__                                          
2000fc00  __stack                                                         
20000000  __start___llvm_prf_cnts                                         
20000000  __stop___llvm_prf_cnts                                          
00005b89  _args_main                                                      
00004389  _c_int00                                                        
0000615c  _ctypes_                                                        
20000a00  _lock                                                           
0000199f  _nop                                                            
000052f1  _pthread_cleanupFxn                                             
00005d41  _pthread_cleanup_pop                                            
000031c1  _pthread_removeThreadKeys                                       
00005f5d  _register_lock                                                  
00005f69  _register_unlock                                                
20000a04  _unlock                                                         
00004631  atoi                                                            
ffffffff  binit                                                           
0000467d  copy_in                                                         
00005a65  copysign                                                        
00005a65  copysignl                                                       
200009dc  event                                                           
00003de5  frexp                                                           
00003de5  frexpl                                                          
20001000  g_pfnRAMVectoring                                               
200005cc  i                                                               
200005d0  j                                                               
00001d1d  ldexp                                                           
00001d1d  ldexpl                                                          
200009dd  light_flag                                                      
00003e49  main                                                            
20000a50  main_func_sp                                                    
000058e9  memccpy                                                         
00002ff5  memcpy                                                          
00003a81  memset                                                          
00005629  pthread_attr_init                                               
00005f09  pthread_attr_setdetachstate                                     
00005cc9  pthread_attr_setschedparam                                      
00006071  pthread_attr_setstacksize                                       
00002541  pthread_create                                                  
00003eb1  pthread_exit                                                    
00005f81  pthread_self                                                    
00005269  pthread_setcancelstate                                          
20000a6c  retraso                                                         
00001d1d  scalbn                                                          
00001d1d  scalbnl                                                         
00004a55  sprintf                                                         
20000480  state1                                                          
200004c0  state2                                                          
20000500  state3                                                          
20000540  state4                                                          
20000580  state5                                                          
00005c45  strchr                                                          
00005cdd  strlen                                                          
200005dd  sys_flag                                                        
200005de  sys_turn                                                        
20000920  ti_sysbios_BIOS_Module__state__V                                
00005f8d  ti_sysbios_BIOS_RtsGateProxy_enter__E                           
00005dd5  ti_sysbios_BIOS_RtsGateProxy_leave__E                           
00004f95  ti_sysbios_BIOS_atExitFunc__I                                   
00005c5b  ti_sysbios_BIOS_exitFunc__I                                     
00005de9  ti_sysbios_BIOS_exit__E                                         
00006129  ti_sysbios_BIOS_linkedWithIncorrectBootLibrary__E               
[...]
00005d05  ti_sysbios_hal_Hwi_HwiProxy_getStackInfo__E                     
00005d05  ti_sysbios_hal_Hwi_getStackInfo__E                              
00005d2d  xdc_runtime_Memory_HeapProxy_free__E                            
00005d41  _pthread_cleanup_pop                                            
00005d71  ti_sysbios_hal_Hwi_Module_startup__E                            
00005d83  wcslen                                                          
00005d95  ADC_is_busy                                                     
00005da5  PCM_gotoLPM4                                                    
00005db5  PCM_setPowerMode                                                
00005dc5  PCM_setPowerState                                               
00005dd5  ti_sysbios_BIOS_RtsGateProxy_leave__E                           
00005de9  ti_sysbios_BIOS_exit__E                                         
00005df9  ti_sysbios_BIOS_setThreadType__E                                
00005e09  ti_sysbios_BIOS_start__E                                        
00005e19  ti_sysbios_family_arm_m3_TaskSupport_glue                       
00005e29  ti_sysbios_family_arm_msp432_init_Boot_disableWatchdog          
00005e39  ti_sysbios_gates_GateMutex_Instance_finalize__E                 
00005e49  ti_sysbios_heaps_HeapMem_Module_GateProxy_leave__E              
00005e59  ti_sysbios_knl_Semaphore_Instance_finalize__E                   
00005e69  ti_sysbios_knl_Swi_disable__E                                   
00005e79  ti_sysbios_knl_Task_SupportProxy_swap__E                        
00005e89  ti_sysbios_knl_Task_disable__E                                  
00005e99  xdc_runtime_Gate_leaveSystem__E                                 
00005ea9  xdc_runtime_Memory_free__E                                      
00005eb9  xdc_runtime_SysCallback_abort__E                                
00005ec9  xdc_runtime_SysCallback_exit__E                                 
00005ed9  xdc_runtime_System_Module_GateProxy_leave__E                    
00005ee9  T32_Init1                                                       
00005ef7  __TI_decompress_none                                            
00005f09  pthread_attr_setdetachstate                                     
00005f19  ti_sysbios_knl_Idle_loop__E                                     
00005f29  ti_sysbios_knl_Queue_empty__E                                   
00005f39  T32_ClearInterruptFlag1                                         
00005f45  T32_EnableInterrupt1                                            
00005f51  T32_EnableTimer1                                                
00005f5d  _register_lock                                                  
00005f69  _register_unlock                                                
00005f75  __TI_zero_init                                                  
00005f81  pthread_self                                                    
00005f8d  ti_sysbios_BIOS_RtsGateProxy_enter__E                           
00005f99  ti_sysbios_family_arm_m3_TaskSupport_getStackAlignment__E       
00005fa9  ti_sysbios_family_arm_msp432_Timer_getMaxTicks__E               
00005fb9  ti_sysbios_gates_GateHwi_enter__E                               
00005fc5  ti_sysbios_heaps_HeapMem_Module_GateProxy_enter__E              
00005fd1  ti_sysbios_heaps_HeapMem_Module_GateProxy_query__E              
00005fdd  ti_sysbios_knl_Clock_TimerProxy_getMaxTicks__E                  
00005fe9  ti_sysbios_knl_Task_delete                                      
00005ff9  ti_sysbios_knl_Task_self__E                                     
00006009  ti_sysbios_rts_ti_ReentSupport_taskRegHook__I                   
00006019  xdc_runtime_Gate_enterSystem__E                                 
00006029  xdc_runtime_Startup_rtsDone__E                                  
00006035  xdc_runtime_System_Module_GateProxy_enter__E                    
00006041  xdc_runtime_System_SupportProxy_abort__E                        
0000604d  xdc_runtime_System_SupportProxy_exit__E                         
00006063  HVAC_InicialiceUART                                             
00006071  pthread_attr_setstacksize                                       
00006079  ti_sysbios_family_arm_m3_Hwi_Module__startupDone__S             
00006081  ti_sysbios_family_arm_m3_Hwi_doSwiRestore__I                    
00006089  ti_sysbios_family_arm_m3_Hwi_startup__E                         
00006091  ti_sysbios_family_arm_msp432_Timer_Module__startupDone__S       
00006099  ti_sysbios_hal_Hwi_HwiProxy_Module__startupDone__S              
000060a1  ti_sysbios_hal_Hwi_HwiProxy_startup__E                          
000060a1  ti_sysbios_hal_Hwi_startup__E                                   
000060a9  ti_sysbios_hal_Hwi_HwiProxy_switchFromBootStack__E              
000060a9  ti_sysbios_hal_Hwi_switchFromBootStack__E                       
000060b1  ti_sysbios_knl_Clock_TimerProxy_Module__startupDone__S          
000060b9  ti_sysbios_knl_Task_SupportProxy_Module__startupDone__S         
000060c1  ti_sysbios_knl_Task_SupportProxy_getStackAlignment__E           
000060c9  ti_sysbios_rts_ti_ReentSupport_getReent__E                      
000060d1  xdc_runtime_Startup_reset__I                                    
000060d9  ti_sysbios_family_arm_m3_Hwi_doTaskRestore__I                   
000060e1  ti_sysbios_gates_GateHwi_leave__E                               
000060e9  ti_sysbios_heaps_HeapMem_isBlocking__E                          
000060f1  ti_sysbios_knl_Queue_Instance_init__E                           
000060f9  ti_sysbios_knl_Swi_startup__E                                   
00006101  xdc_runtime_System_Module_startup__E                            
00006109  __aeabi_errno_addr                                              
00006111  ti_sysbios_gates_GateHwi_query__E                               
00006119  ti_sysbios_gates_GateMutex_query__E                             
00006121  ti_sysbios_knl_Task_startup__E                                  
00006129  ti_sysbios_BIOS_linkedWithIncorrectBootLibrary__E               
00006131  ti_sysbios_gates_GateHwi_Instance_init__E                       
00006139  ti_sysbios_knl_Clock_logTick__E                                 
00006141  xdc_runtime_SysCallback_defaultAbort                            
00006149  xdc_runtime_SysCallback_defaultExit                             
00006151  xdc_runtime_System_abortSpin__E                                 
00006159  xdc_runtime_System_exitSpin__E                                  
0000615c  _ctypes_                                                        
0000625d  xdc_runtime_Error_policy__C                                     
0000625e  ti_sysbios_family_arm_msp432_init_Boot_bypassHFXT__C            
000062a8  ti_sysbios_knl_Task_Object__PARAMS__C                           
00006314  ti_sysbios_heaps_HeapMem_Module__FXNS__C                        
0000633c  ti_sysbios_gates_GateHwi_Module__FXNS__C                        
00006360  ti_sysbios_gates_GateMutex_Module__FXNS__C                      
00006384  ti_sysbios_heaps_HeapMem_Object__PARAMS__C                      
000063a8  ti_sysbios_knl_Semaphore_Object__PARAMS__C                      
000063cc  xdc_runtime_Startup_sfxnTab__A                                  
000063f0  ti_sysbios_gates_GateHwi_Object__DESC__C                        
00006410  ti_sysbios_gates_GateMutex_Object__DESC__C                      
00006430  ti_sysbios_heaps_HeapMem_Object__DESC__C                        
00006450  ti_sysbios_knl_Queue_Object__DESC__C                            
00006470  ti_sysbios_knl_Semaphore_Object__DESC__C                        
00006490  ti_sysbios_knl_Task_Object__DESC__C                             
000064b0  ti_sysbios_gates_GateHwi_Object__PARAMS__C                      
000064c8  ti_sysbios_gates_GateMutex_Object__PARAMS__C                    
000064e0  ti_sysbios_knl_Queue_Object__PARAMS__C                          
000064f8  ti_sysbios_knl_Task_hooks__A                                    
00006510  xdc_runtime_Startup_sfxnRts__A                                  
00006522  ti_sysbios_family_arm_msp432_init_Boot_bypassLFXT__C            
00006524  BRFX                                                            
00006530  BRS                                                             
0000653c  BRX                                                             
00006548  xdc_runtime_Startup_firstFxns__A                                
0000655c  ti_sysbios_knl_Idle_funcList__A                                 
00006564  ti_sysbios_knl_Idle_funcList__C                                 
0000656c  ti_sysbios_knl_Task_hooks__C                                    
00006574  xdc_runtime_Startup_firstFxns__C                                
0000657c  xdc_runtime_Startup_lastFxns__C                                 
00006584  ti_sysbios_family_arm_m3_Hwi_NUM_INTERRUPTS__C                  
00006588  ti_sysbios_family_arm_m3_Hwi_Object__count__C                   
0000658c  ti_sysbios_family_arm_m3_Hwi_Object__table__C                   
00006590  ti_sysbios_family_arm_m3_Hwi_ccr__C                             
00006594  ti_sysbios_family_arm_m3_Hwi_excHandlerFunc__C                  
00006598  ti_sysbios_family_arm_m3_Hwi_nullIsrFunc__C                     
0000659c  ti_sysbios_family_arm_m3_Hwi_priGroup__C                        
000065a0  ti_sysbios_family_arm_m3_TaskSupport_stackAlignment__C          
000065a4  ti_sysbios_family_arm_msp432_Timer_numTimerDevices__C           
000065a8  ti_sysbios_family_arm_msp432_Timer_startupNeeded__C             
000065ac  ti_sysbios_gates_GateMutex_Instance_State_sem__O                
000065b0  ti_sysbios_heaps_HeapMem_E_memory__C                            
000065b4  ti_sysbios_heaps_HeapMem_Module__gateObj__C                     
000065b8  ti_sysbios_heaps_HeapMem_Object__count__C                       
000065bc  ti_sysbios_heaps_HeapMem_Object__table__C                       
000065c0  ti_sysbios_heaps_HeapMem_primaryHeapBaseAddr__C                 
000065c4  ti_sysbios_heaps_HeapMem_primaryHeapEndAddr__C                  
000065c8  ti_sysbios_heaps_HeapMem_reqAlign__C                            
000065cc  ti_sysbios_knl_Clock_Module_State_clockQ__O                     
000065d0  ti_sysbios_knl_Mailbox_Instance_State_freeQue__O                
000065d4  ti_sysbios_knl_Mailbox_Object__count__C                         
000065d8  ti_sysbios_knl_Mailbox_maxTypeAlign__C                          
000065dc  ti_sysbios_knl_Semaphore_Instance_State_pendQ__O                
000065e0  ti_sysbios_knl_Swi_Object__count__C                             
000065e4  ti_sysbios_knl_Swi_Object__table__C                             
000065e8  ti_sysbios_knl_Task_Module_State_inactiveQ__O                   
000065ec  ti_sysbios_knl_Task_Object__count__C                            
000065f0  ti_sysbios_knl_Task_Object__heap__C                             
000065f4  ti_sysbios_knl_Task_Object__table__C                            
000065f8  ti_sysbios_knl_Task_allBlockedFunc__C                           
000065fc  ti_sysbios_knl_Task_defaultStackHeap__C                         
00006600  ti_sysbios_knl_Task_defaultStackSize__C                         
00006604  ti_sysbios_knl_Task_numConstructedTasks__C                      
00006608  xdc_runtime_Error_E_memory__C                                   
0000660c  xdc_runtime_Error_policyFxn__C                                  
00006610  xdc_runtime_IGateProvider_Interface__BASE__C                    
00006614  xdc_runtime_IHeap_Interface__BASE__C                            
00006618  xdc_runtime_IModule_Interface__BASE__C                          
0000661c  xdc_runtime_Memory_defaultHeapInstance__C                       
00006620  xdc_runtime_Startup_execImpl__C                                 
00006624  xdc_runtime_Startup_maxPasses__C                                
00006628  xdc_runtime_Startup_sfxnRts__C                                  
0000662c  xdc_runtime_Startup_sfxnTab__C                                  
00006630  xdc_runtime_Startup_startModsFxn__C                             
00006634  xdc_runtime_SysCallback_abortFxn__C                             
00006638  xdc_runtime_SysCallback_exitFxn__C                              
0000663c  xdc_runtime_System_Module__gateObj__C                           
00006640  xdc_runtime_System_abortFxn__C                                  
00006644  xdc_runtime_System_exitFxn__C                                   
00006648  xdc_runtime_System_maxAtexitHandlers__C                         
0000664c  xdc_runtime_Text_nameUnknown__C                                 
00006650  ti_sysbios_family_arm_msp432_init_Boot_enableHFXT__C            
00006652  ti_sysbios_family_arm_msp432_init_Boot_enableLFXT__C            
00006654  ti_sysbios_heaps_HeapMem_Module__id__C                          
00006656  xdc_runtime_Memory_Module__id__C                                
00006658  __TI_static_base__                                              
00006800  __TI_Handler_Table_Base                                         
0000680c  __TI_Handler_Table_Limit                                        
00006820  __TI_CINIT_Base                                                 
00006838  __TI_CINIT_Limit                                                
20000000  __start___llvm_prf_cnts                                         
20000000  __stop___llvm_prf_cnts                                          
20000000  ti_sysbios_family_arm_m3_Hwi_ramVectors                         
20000140  ti_sysbios_knl_Task_Instance_State_0_stack__A                   
20000340  ti_sysbios_family_arm_m3_Hwi_dispatchTable                      
20000480  state1                                                          
200004c0  state2                                                          
20000500  state3                                                          
20000540  state4                                                          
20000580  state5                                                          
200005c0  Pot_1                                                           
200005c4  Pot_2                                                           
200005c8  Pot_3                                                           
200005cc  i                                                               
200005d0  j                                                               
200005d4  ti_sysbios_knl_Task_Instance_State_0_hookEnv__A                 
200005d8  LIGHT_1                                                         
200005d9  LIGHT_2                                                         
200005da  LIGHT_3                                                         
200005db  PREV_STATE_P1                                                   
200005dc  PREV_STATE_P2                                                   
200005dd  sys_flag                                                        
200005de  sys_turn                                                        
20000668  ti_sysbios_knl_Swi_Module_State_0_readyQ__A                     
200006e8  ti_sysbios_knl_Task_Module_State_0_readyQ__A                    
20000768  ti_sysbios_gates_GateMutex_Object__table__V                     
200007bc  ti_sysbios_knl_Task_Object__table__V                            
20000808  ti_sysbios_family_arm_msp432_Timer_Object__table__V             
2000084c  ti_sysbios_knl_Task_Module__state__V                            
20000890  ti_sysbios_family_arm_m3_Hwi_Module__state__V                   
200008c4  ti_sysbios_knl_Swi_Object__table__V                             
200008f4  ti_sysbios_knl_Clock_Module__state__V                           
20000920  ti_sysbios_BIOS_Module__state__V                                
20000944  ti_sysbios_family_arm_msp432_Timer_Module_State_0_device__A     
20000964  xdc_runtime_Error_IgnoreBlock                                   
20000984  ti_sysbios_knl_Swi_Module__state__V                             
200009a0  ti_sysbios_family_arm_m3_Hwi_Object__table__V                   
200009b8  ti_sysbios_heaps_HeapMem_Object__table__V                       
200009d0  DELAY_P1                                                        
200009d4  DELAY_P2                                                        
200009d8  ITERATIONS                                                      
200009dc  event                                                           
200009dd  light_flag                                                      
200009de  Per_UD_1                                                        
200009df  Per_UD_2                                                        
200009e0  ACT_STATE_P1                                                    
200009e1  ACT_STATE_P2                                                    
200009e2  ti_sysbios_family_arm_m3_Hwi_Module_State_0_excActive__A        
200009e4  ti_sysbios_family_arm_msp432_Timer_Module_State_0_handles__A    
200009f4  ti_sysbios_family_arm_msp432_Timer_Module__state__V             
20000a00  _lock                                                           
20000a04  _unlock                                                         
20000a08  ti_sysbios_gates_GateHwi_Module__root__V                        
20000a10  ti_sysbios_gates_GateMutex_Module__root__V                      
20000a18  ti_sysbios_heaps_HeapMem_Module__root__V                        
20000a20  ti_sysbios_knl_Queue_Module__root__V                            
20000a28  ti_sysbios_knl_Semaphore_Module__root__V                        
20000a30  ti_sysbios_knl_Task_Module__root__V                             
20000a38  xdc_runtime_Startup_Module__state__V                            
20000a40  xdc_runtime_System_Module_State_0_atexitHandlers__A             
20000a48  xdc_runtime_System_Module__state__V                             
20000a50  main_func_sp                                                    
20000a54  ti_sysbios_family_arm_m3_Hwi_Module_State_0_excContext__A       
20000a58  ti_sysbios_family_arm_m3_Hwi_Module_State_0_excStack__A         
20000a5c  ti_sysbios_gates_GateHwi_Object__table__V                       
20000a60  ti_sysbios_knl_Task_Module_State_0_idleTask__A                  
20000a64  ti_sysbios_rts_ti_ReentSupport_Module__state__V                 
20000a68  xdc_runtime_Memory_Module__state__V                             
20000a6c  retraso                                                         
20001000  g_pfnRAMVectoring                                               
200010e8  __primary_heap_start__                                          
200050e8  __primary_heap_end__                                            
2000fc00  __stack                                                         
20010000  __STACK_END                                                     
4000480c  WDTCTL_SYM                                                      
e000e000  ti_sysbios_family_arm_m3_Hwi_nvic                               
ffffffff  __TI_pprof_out_hndl                                             
ffffffff  __TI_prof_data_size                                             
ffffffff  __TI_prof_data_start                                            
ffffffff  __binit__                                                       
ffffffff  __c_args__                                                      
ffffffff  binit                                                           
UNDEFED   SHT$$INIT_ARRAY$$Base                                           
UNDEFED   SHT$$INIT_ARRAY$$Limit                                          

[507 symbols]
